../X-CUBE-AI/App/app_x-cube-ai.c:118:13:ai_log_err	16	static
../X-CUBE-AI/App/app_x-cube-ai.c:131:12:ai_boostrap	32	static
../X-CUBE-AI/App/app_x-cube-ai.c:174:12:ai_run	16	static
../X-CUBE-AI/App/app_x-cube-ai.c:189:5:acquire_and_process_data	64	static
../X-CUBE-AI/App/app_x-cube-ai.c:226:5:post_process	72	static
../X-CUBE-AI/App/app_x-cube-ai.c:263:6:synchronize_UART	16	static
../X-CUBE-AI/App/app_x-cube-ai.c:298:6:MX_X_CUBE_AI_Init	8	static
../X-CUBE-AI/App/app_x-cube-ai.c:307:6:MX_X_CUBE_AI_Process	16	static
../X-CUBE-AI/App/app_x-cube-ai.c:378:9:ai_mnetwork_is_valid	24	static
../X-CUBE-AI/App/app_x-cube-ai.c:388:26:ai_mnetwork_handle	24	static
../X-CUBE-AI/App/app_x-cube-ai.c:400:6:ai_mnetwork_release_handle	24	static
../X-CUBE-AI/App/app_x-cube-ai.c:411:13:ai_mnetwork_find	24	static
../X-CUBE-AI/App/app_x-cube-ai.c:428:10:ai_mnetwork_create	48	static
../X-CUBE-AI/App/app_x-cube-ai.c:470:11:ai_mnetwork_destroy	24	static
../X-CUBE-AI/App/app_x-cube-ai.c:485:9:ai_mnetwork_get_report	24	static
../X-CUBE-AI/App/app_x-cube-ai.c:496:10:ai_mnetwork_get_error	24	static
../X-CUBE-AI/App/app_x-cube-ai.c:511:9:ai_mnetwork_init	80	static
../X-CUBE-AI/App/app_x-cube-ai.c:528:8:ai_mnetwork_run	32	static
../X-CUBE-AI/App/app_x-cube-ai.c:540:8:ai_mnetwork_forward	24	static
../X-CUBE-AI/App/app_x-cube-ai.c:551:6:ai_mnetwork_get_private_handle	40	static
