Archive member included to satisfy reference by file (symbol)

../Middlewares/ST/AI/Lib\NetworkRuntime1000_CM4_GCC.a(ai_platform.o)
                              ./X-CUBE-AI/App/app_x-cube-ai.o (ai_buffer_array_item_set_address)
../Middlewares/ST/AI/Lib\NetworkRuntime1000_CM4_GCC.a(ai_platform_interface.o)
                              ./X-CUBE-AI/App/mnist.o (ai_platform_get_weights_map)
../Middlewares/ST/AI/Lib\NetworkRuntime1000_CM4_GCC.a(core_common.o)
                              ../Middlewares/ST/AI/Lib\NetworkRuntime1000_CM4_GCC.a(ai_platform_interface.o) (core_init)
../Middlewares/ST/AI/Lib\NetworkRuntime1000_CM4_GCC.a(core_mem_manager.o)
                              ../Middlewares/ST/AI/Lib\NetworkRuntime1000_CM4_GCC.a(ai_platform_interface.o) (core_mem_alloc)
../Middlewares/ST/AI/Lib\NetworkRuntime1000_CM4_GCC.a(layers.o)
                              ../Middlewares/ST/AI/Lib\NetworkRuntime1000_CM4_GCC.a(ai_platform_interface.o) (ai_check_custom_types)
../Middlewares/ST/AI/Lib\NetworkRuntime1000_CM4_GCC.a(layers_conv2d_generic_float.o)
                              ./X-CUBE-AI/App/mnist.o (forward_conv2d_if32of32wf32_nl_pool)
../Middlewares/ST/AI/Lib\NetworkRuntime1000_CM4_GCC.a(layers_nl_generic_float.o)
                              ./X-CUBE-AI/App/mnist.o (forward_relu)
../Middlewares/ST/AI/Lib\NetworkRuntime1000_CM4_GCC.a(layers_conv2d_integer_scratch.o)
                              ../Middlewares/ST/AI/Lib\NetworkRuntime1000_CM4_GCC.a(layers.o) (get_conv2d_scratch_size)
../Middlewares/ST/AI/Lib\NetworkRuntime1000_CM4_GCC.a(forward_lite_conv2d_if32of32wf32.o)
                              ../Middlewares/ST/AI/Lib\NetworkRuntime1000_CM4_GCC.a(layers_conv2d_generic_float.o) (forward_lite_conv2d_if32of32wf32)
../Middlewares/ST/AI/Lib\NetworkRuntime1000_CM4_GCC.a(lite_nl_softmax_if32of32.o)
                              ../Middlewares/ST/AI/Lib\NetworkRuntime1000_CM4_GCC.a(layers_nl_generic_float.o) (forward_lite_nl_softmax_if32of32_kernel)
../Middlewares/ST/AI/Lib\NetworkRuntime1000_CM4_GCC.a(lite_nl_relu_if32of32.o)
                              ../Middlewares/ST/AI/Lib\NetworkRuntime1000_CM4_GCC.a(layers_nl_generic_float.o) (forward_lite_nl_prelu_if32of32_kernel)
../Middlewares/ST/AI/Lib\NetworkRuntime1000_CM4_GCC.a(forward_lite_pool_f32.o)
                              ./X-CUBE-AI/App/mnist.o (pool_func_mp_array_f32)
../Middlewares/ST/AI/Lib\NetworkRuntime1000_CM4_GCC.a(lite_dense_if32.o)
                              ../Middlewares/ST/AI/Lib\NetworkRuntime1000_CM4_GCC.a(layers_conv2d_generic_float.o) (lite_decompress_ilutof32)
../Middlewares/ST/AI/Lib\NetworkRuntime1000_CM4_GCC.a(lite_nl_generic_float.o)
                              ./X-CUBE-AI/App/mnist.o (forward_lite_nl_relu_if32of32)
../Middlewares/ST/AI/Lib\NetworkRuntime1000_CM4_GCC.a(st_int8_fill.o)
                              ../Middlewares/ST/AI/Lib\NetworkRuntime1000_CM4_GCC.a(ai_platform_interface.o) (st_int8_copy)
../Middlewares/ST/AI/Lib\NetworkRuntime1000_CM4_GCC.a(ai_math_helpers.o)
                              ../Middlewares/ST/AI/Lib\NetworkRuntime1000_CM4_GCC.a(layers_nl_generic_float.o) (ai_math_sqrt)
../Middlewares/ST/AI/Lib\NetworkRuntime1000_CM4_GCC.a(ai_datatypes_format.o)
                              ../Middlewares/ST/AI/Lib\NetworkRuntime1000_CM4_GCC.a(ai_platform_interface.o) (ai_array_to_buffer_fmt)
../Middlewares/ST/AI/Lib\NetworkRuntime1000_CM4_GCC.a(ai_datatypes_internal.o)
                              ../Middlewares/ST/AI/Lib\NetworkRuntime1000_CM4_GCC.a(ai_platform_interface.o) (ai_version_get)
../Middlewares/ST/AI/Lib\NetworkRuntime1000_CM4_GCC.a(ai_math_elementwise_mul_int8.o)
                              ../Middlewares/ST/AI/Lib\NetworkRuntime1000_CM4_GCC.a(ai_math_helpers.o) (ai_math_elementwise_mul_int8)
../Middlewares/ST/AI/Lib\NetworkRuntime1000_CM4_GCC.a(ai_math_elementwise_sum_int8.o)
                              ../Middlewares/ST/AI/Lib\NetworkRuntime1000_CM4_GCC.a(ai_math_helpers.o) (ai_math_elementwise_sum_int8)
../Middlewares/ST/AI/Lib\NetworkRuntime1000_CM4_GCC.a(st_align_factor.o)
                              ../Middlewares/ST/AI/Lib\NetworkRuntime1000_CM4_GCC.a(ai_math_helpers.o) (align_factor)
C:/ST/STM32CubeIDE_1.17.0/STM32CubeIDE/plugins/com.st.stm32cube.ide.mcu.externaltools.gnu-tools-for-stm32.12.3.rel1.win32_1.1.0.202410251130/tools/bin/../lib/gcc/arm-none-eabi/12.3.1/../../../../arm-none-eabi/lib/thumb/v7e-m+fp/hard\libc_nano.a(libc_a-exit.o)
                              C:/ST/STM32CubeIDE_1.17.0/STM32CubeIDE/plugins/com.st.stm32cube.ide.mcu.externaltools.gnu-tools-for-stm32.12.3.rel1.win32_1.1.0.202410251130/tools/bin/../lib/gcc/arm-none-eabi/12.3.1/../../../../arm-none-eabi/lib/thumb/v7e-m+fp/hard/crt0.o (exit)
[...]
Memory Configuration

Name             Origin             Length             Attributes
RAM              0x20000000         0x00030000         xrw
RAM2             0x10000000         0x00010000         xrw
RAM3             0x20040000         0x00060000         xrw
FLASH            0x08000000         0x00200000         xr
*default*        0x00000000         0xffffffff

Linker script and memory map

LOAD C:/ST/STM32CubeIDE_1.17.0/STM32CubeIDE/plugins/com.st.stm32cube.ide.mcu.externaltools.gnu-tools-for-stm32.12.3.rel1.win32_1.1.0.202410251130/tools/bin/../lib/gcc/arm-none-eabi/12.3.1/thumb/v7e-m+fp/hard/crti.o
LOAD C:/ST/STM32CubeIDE_1.17.0/STM32CubeIDE/plugins/com.st.stm32cube.ide.mcu.externaltools.gnu-tools-for-stm32.12.3.rel1.win32_1.1.0.202410251130/tools/bin/../lib/gcc/arm-none-eabi/12.3.1/thumb/v7e-m+fp/hard/crtbegin.o
LOAD C:/ST/STM32CubeIDE_1.17.0/STM32CubeIDE/plugins/com.st.stm32cube.ide.mcu.externaltools.gnu-tools-for-stm32.12.3.rel1.win32_1.1.0.202410251130/tools/bin/../lib/gcc/arm-none-eabi/12.3.1/../../../../arm-none-eabi/lib/thumb/v7e-m+fp/hard/crt0.o
LOAD ./Core/Src/main.o
LOAD ./Core/Src/stm32l4xx_hal_msp.o
LOAD ./Core/Src/stm32l4xx_it.o
LOAD ./Core/Src/sysmem.o
LOAD ./Core/Src/system_stm32l4xx.o
LOAD ./Core/Startup/startup_stm32l4r9aiix.o
LOAD ./Drivers/STM32L4xx_HAL_Driver/Src/stm32l4xx_hal.o
LOAD ./Drivers/STM32L4xx_HAL_Driver/Src/stm32l4xx_hal_cortex.o
LOAD ./Drivers/STM32L4xx_HAL_Driver/Src/stm32l4xx_hal_dma.o
LOAD ./Drivers/STM32L4xx_HAL_Driver/Src/stm32l4xx_hal_dma_ex.o
LOAD ./Drivers/STM32L4xx_HAL_Driver/Src/stm32l4xx_hal_exti.o
LOAD ./Drivers/STM32L4xx_HAL_Driver/Src/stm32l4xx_hal_flash.o
LOAD ./Drivers/STM32L4xx_HAL_Driver/Src/stm32l4xx_hal_flash_ex.o
LOAD ./Drivers/STM32L4xx_HAL_Driver/Src/stm32l4xx_hal_flash_ramfunc.o
LOAD ./Drivers/STM32L4xx_HAL_Driver/Src/stm32l4xx_hal_gpio.o
LOAD ./Drivers/STM32L4xx_HAL_Driver/Src/stm32l4xx_hal_i2c.o
LOAD ./Drivers/STM32L4xx_HAL_Driver/Src/stm32l4xx_hal_i2c_ex.o
LOAD ./Drivers/STM32L4xx_HAL_Driver/Src/stm32l4xx_hal_mmc.o
LOAD ./Drivers/STM32L4xx_HAL_Driver/Src/stm32l4xx_hal_mmc_ex.o
LOAD ./Drivers/STM32L4xx_HAL_Driver/Src/stm32l4xx_hal_nand.o
LOAD ./Drivers/STM32L4xx_HAL_Driver/Src/stm32l4xx_hal_nor.o
LOAD ./Drivers/STM32L4xx_HAL_Driver/Src/stm32l4xx_hal_pcd.o
LOAD ./Drivers/STM32L4xx_HAL_Driver/Src/stm32l4xx_hal_pcd_ex.o
LOAD ./Drivers/STM32L4xx_HAL_Driver/Src/stm32l4xx_hal_pwr.o
LOAD ./Drivers/STM32L4xx_HAL_Driver/Src/stm32l4xx_hal_pwr_ex.o
LOAD ./Drivers/STM32L4xx_HAL_Driver/Src/stm32l4xx_hal_rcc.o
LOAD ./Drivers/STM32L4xx_HAL_Driver/Src/stm32l4xx_hal_rcc_ex.o
LOAD ./Drivers/STM32L4xx_HAL_Driver/Src/stm32l4xx_hal_sai.o
LOAD ./Drivers/STM32L4xx_HAL_Driver/Src/stm32l4xx_hal_sai_ex.o
LOAD ./Drivers/STM32L4xx_HAL_Driver/Src/stm32l4xx_hal_sd.o
LOAD ./Drivers/STM32L4xx_HAL_Driver/Src/stm32l4xx_hal_sd_ex.o
LOAD ./Drivers/STM32L4xx_HAL_Driver/Src/stm32l4xx_hal_spi.o
LOAD ./Drivers/STM32L4xx_HAL_Driver/Src/stm32l4xx_hal_spi_ex.o
LOAD ./Drivers/STM32L4xx_HAL_Driver/Src/stm32l4xx_hal_sram.o
LOAD ./Drivers/STM32L4xx_HAL_Driver/Src/stm32l4xx_hal_uart.o
LOAD ./Drivers/STM32L4xx_HAL_Driver/Src/stm32l4xx_hal_uart_ex.o
LOAD ./Drivers/STM32L4xx_HAL_Driver/Src/stm32l4xx_ll_fmc.o
LOAD ./Drivers/STM32L4xx_HAL_Driver/Src/stm32l4xx_ll_sdmmc.o
LOAD ./Drivers/STM32L4xx_HAL_Driver/Src/stm32l4xx_ll_usb.o
LOAD ./X-CUBE-AI/App/app_x-cube-ai.o
LOAD ./X-CUBE-AI/App/mnist.o
LOAD ./X-CUBE-AI/App/mnist_data.o
LOAD ./X-CUBE-AI/App/mnist_data_params.o
LOAD ./X-CUBE-AI/App/predictive_maintenance_model.o
LOAD ./X-CUBE-AI/App/predictive_maintenance_model_data.o
LOAD ./X-CUBE-AI/App/predictive_maintenance_model_data_params.o
LOAD ../Middlewares/ST/AI/Lib\NetworkRuntime1000_CM4_GCC.a
START GROUP
LOAD C:/ST/STM32CubeIDE_1.17.0/STM32CubeIDE/plugins/com.st.stm32cube.ide.mcu.externaltools.gnu-tools-for-stm32.12.3.rel1.win32_1.1.0.202410251130/tools/bin/../lib/gcc/arm-none-eabi/12.3.1/../../../../arm-none-eabi/lib/thumb/v7e-m+fp/hard\libc_nano.a
LOAD C:/ST/STM32CubeIDE_1.17.0/STM32CubeIDE/plugins/com.st.stm32cube.ide.mcu.externaltools.gnu-tools-for-stm32.12.3.rel1.win32_1.1.0.202410251130/tools/bin/../lib/gcc/arm-none-eabi/12.3.1/../../../../arm-none-eabi/lib/thumb/v7e-m+fp/hard\libm.a
END GROUP
START GROUP
LOAD C:/ST/STM32CubeIDE_1.17.0/STM32CubeIDE/plugins/com.st.stm32cube.ide.mcu.externaltools.gnu-tools-for-stm32.12.3.rel1.win32_1.1.0.202410251130/tools/bin/../lib/gcc/arm-none-eabi/12.3.1/thumb/v7e-m+fp/hard\libgcc.a
LOAD C:/ST/STM32CubeIDE_1.17.0/STM32CubeIDE/plugins/com.st.stm32cube.ide.mcu.externaltools.gnu-tools-for-stm32.12.3.rel1.win32_1.1.0.202410251130/tools/bin/../lib/gcc/arm-none-eabi/12.3.1/../../../../arm-none-eabi/lib/thumb/v7e-m+fp/hard\libc_nano.a
END GROUP
START GROUP
LOAD C:/ST/STM32CubeIDE_1.17.0/STM32CubeIDE/plugins/com.st.stm32cube.ide.mcu.externaltools.gnu-tools-for-stm32.12.3.rel1.win32_1.1.0.202410251130/tools/bin/../lib/gcc/arm-none-eabi/12.3.1/thumb/v7e-m+fp/hard\libgcc.a
LOAD C:/ST/STM32CubeIDE_1.17.0/STM32CubeIDE/plugins/com.st.stm32cube.ide.mcu.externaltools.gnu-tools-for-stm32.12.3.rel1.win32_1.1.0.202410251130/tools/bin/../lib/gcc/arm-none-eabi/12.3.1/../../../../arm-none-eabi/lib/thumb/v7e-m+fp/hard\libc_nano.a
LOAD C:/ST/STM32CubeIDE_1.17.0/STM32CubeIDE/plugins/com.st.stm32cube.ide.mcu.externaltools.gnu-tools-for-stm32.12.3.rel1.win32_1.1.0.202410251130/tools/bin/../lib/gcc/arm-none-eabi/12.3.1/../../../../arm-none-eabi/lib/thumb/v7e-m+fp/hard\libnosys.a
END GROUP
START GROUP
LOAD C:/ST/STM32CubeIDE_1.17.0/STM32CubeIDE/plugins/com.st.stm32cube.ide.mcu.externaltools.gnu-tools-for-stm32.12.3.rel1.win32_1.1.0.202410251130/tools/bin/../lib/gcc/arm-none-eabi/12.3.1/thumb/v7e-m+fp/hard\libgcc.a
LOAD C:/ST/STM32CubeIDE_1.17.0/STM32CubeIDE/plugins/com.st.stm32cube.ide.mcu.externaltools.gnu-tools-for-stm32.12.3.rel1.win32_1.1.0.202410251130/tools/bin/../lib/gcc/arm-none-eabi/12.3.1/../../../../arm-none-eabi/lib/thumb/v7e-m+fp/hard\libc_nano.a
LOAD C:/ST/STM32CubeIDE_1.17.0/STM32CubeIDE/plugins/com.st.stm32cube.ide.mcu.externaltools.gnu-tools-for-stm32.12.3.rel1.win32_1.1.0.202410251130/tools/bin/../lib/gcc/arm-none-eabi/12.3.1/../../../../arm-none-eabi/lib/thumb/v7e-m+fp/hard\libnosys.a
END GROUP
LOAD C:/ST/STM32CubeIDE_1.17.0/STM32CubeIDE/plugins/com.st.stm32cube.ide.mcu.externaltools.gnu-tools-for-stm32.12.3.rel1.win32_1.1.0.202410251130/tools/bin/../lib/gcc/arm-none-eabi/12.3.1/thumb/v7e-m+fp/hard/crtend.o
LOAD C:/ST/STM32CubeIDE_1.17.0/STM32CubeIDE/plugins/com.st.stm32cube.ide.mcu.externaltools.gnu-tools-for-stm32.12.3.rel1.win32_1.1.0.202410251130/tools/bin/../lib/gcc/arm-none-eabi/12.3.1/thumb/v7e-m+fp/hard/crtn.o
                0x200a0000                        _estack = (ORIGIN (RAM3) + LENGTH (RAM3))
                0x00000800                        _Min_Heap_Size = 0x800
                0x00000800                        _Min_Stack_Size = 0x800

.isr_vector     0x08000000      0x1bc
                0x08000000                        . = ALIGN (0x4)
 *(.isr_vector)
 .isr_vector    0x08000000      0x1bc ./Core/Startup/startup_stm32l4r9aiix.o
                0x08000000                g_pfnVectors
                0x080001bc                        . = ALIGN (0x4)

.text           0x080001c0     0xcb6c
                0x080001c0                        . = ALIGN (0x4)
 *(.text)
 .text          0x080001c0       0x40 C:/ST/STM32CubeIDE_1.17.0/STM32CubeIDE/plugins/com.st.stm32cube.ide.mcu.externaltools.gnu-tools-for-stm32.12.3.rel1.win32_1.1.0.202410251130/tools/bin/../lib/gcc/arm-none-eabi/12.3.1/thumb/v7e-m+fp/hard/crtbegin.o
 .text          0x08000200       0xa0 C:/ST/STM32CubeIDE_1.17.0/STM32CubeIDE/plugins/com.st.stm32cube.ide.mcu.externaltools.gnu-tools-for-stm32.12.3.rel1.win32_1.1.0.202410251130/tools/bin/../lib/gcc/arm-none-eabi/12.3.1/../../../../arm-none-eabi/lib/thumb/v7e-m+fp/hard\libc_nano.a(libc_a-memchr.o)
                0x08000200                memchr
 .text          0x080002a0       0x30 C:/ST/STM32CubeIDE_1.17.0/STM32CubeIDE/plugins/com.st.stm32cube.ide.mcu.externaltools.gnu-tools-for-stm32.12.3.rel1.win32_1.1.0.202410251130/tools/bin/../lib/gcc/arm-none-eabi/12.3.1/thumb/v7e-m+fp/hard\libgcc.a(_aeabi_uldivmod.o)
                0x080002a0                __aeabi_uldivmod
 .text          0x080002d0      0x2bc C:/ST/STM32CubeIDE_1.17.0/STM32CubeIDE/plugins/com.st.stm32cube.ide.mcu.externaltools.gnu-tools-for-stm32.12.3.rel1.win32_1.1.0.202410251130/tools/bin/../lib/gcc/arm-none-eabi/12.3.1/thumb/v7e-m+fp/hard\libgcc.a(_udivmoddi4.o)
                0x080002d0                __udivmoddi4
 .text          0x0800058c        0x4 C:/ST/STM32CubeIDE_1.17.0/STM32CubeIDE/plugins/com.st.stm32cube.ide.mcu.externaltools.gnu-tools-for-stm32.12.3.rel1.win32_1.1.0.202410251130/tools/bin/../lib/gcc/arm-none-eabi/12.3.1/thumb/v7e-m+fp/hard\libgcc.a(_dvmd_tls.o)
                0x0800058c                __aeabi_idiv0
                0x0800058c                __aeabi_ldiv0
 *(.text*)
 .text.main     0x08000590       0x3a ./Core/Src/main.o
                0x08000590                main
 .text.SystemClock_Config
                0x080005ca       0xa6 ./Core/Src/main.o
                0x080005ca                SystemClock_Config
 .text.MX_I2C1_Init
                0x08000670       0x80 ./Core/Src/main.o
 .text.MX_SAI1_Init
                0x080006f0       0xd0 ./Core/Src/main.o
 .text.MX_SDMMC1_SD_Init
                0x080007c0       0x4c ./Core/Src/main.o
 .text.MX_SPI2_Init
                0x0800080c       0x7c ./Core/Src/main.o
 .text.MX_USART2_UART_Init
                0x08000888       0x98 ./Core/Src/main.o
 .text.MX_USART3_UART_Init
                0x08000920       0x98 ./Core/Src/main.o
 .text.MX_USB_OTG_FS_PCD_Init
                0x080009b8       0x5c ./Core/Src/main.o
 .text.MX_FMC_Init
                0x08000a14       0xcc ./Core/Src/main.o
 .text.MX_GPIO_Init
                0x08000ae0      0x43c ./Core/Src/main.o
 .text.Error_Handler
                0x08000f1c        0xc ./Core/Src/main.o
                0x08000f1c                Error_Handler
 .text.HAL_MspInit
                0x08000f28       0x48 ./Core/Src/stm32l4xx_hal_msp.o
                0x08000f28                HAL_MspInit
 .text.HAL_I2C_MspInit
                0x08000f70      0x108 ./Core/Src/stm32l4xx_hal_msp.o
                0x08000f70                HAL_I2C_MspInit
 .text.HAL_SD_MspInit
                0x08001078      0x108 ./Core/Src/stm32l4xx_hal_msp.o
                0x08001078                HAL_SD_MspInit
 .text.HAL_SPI_MspInit
                0x08001180       0xc4 ./Core/Src/stm32l4xx_hal_msp.o
                0x08001180                HAL_SPI_MspInit
 .text.HAL_UART_MspInit
                0x08001244      0x18c ./Core/Src/stm32l4xx_hal_msp.o
                0x08001244                HAL_UART_MspInit
 .text.HAL_PCD_MspInit
                0x080013d0      0x118 ./Core/Src/stm32l4xx_hal_msp.o
                0x080013d0                HAL_PCD_MspInit
 .text.HAL_FMC_MspInit
                0x080014e8       0xfc ./Core/Src/stm32l4xx_hal_msp.o
 .text.HAL_SRAM_MspInit
                0x080015e4       0x14 ./Core/Src/stm32l4xx_hal_msp.o
                0x080015e4                HAL_SRAM_MspInit
 .text.HAL_SAI_MspInit
                0x080015f8       0xf8 ./Core/Src/stm32l4xx_hal_msp.o
                0x080015f8                HAL_SAI_MspInit
 .text.NMI_Handler
                0x080016f0        0x8 ./Core/Src/stm32l4xx_it.o
                0x080016f0                NMI_Handler
 .text.HardFault_Handler
                0x080016f8        0x8 ./Core/Src/stm32l4xx_it.o
                0x080016f8                HardFault_Handler
 .text.MemManage_Handler
                0x08001700        0x8 ./Core/Src/stm32l4xx_it.o
                0x08001700                MemManage_Handler
 .text.BusFault_Handler
                0x08001708        0x8 ./Core/Src/stm32l4xx_it.o
                0x08001708                BusFault_Handler
 .text.UsageFault_Handler
                0x08001710        0x8 ./Core/Src/stm32l4xx_it.o
                0x08001710                UsageFault_Handler
 .text.SVC_Handler
                0x08001718        0xe ./Core/Src/stm32l4xx_it.o
                0x08001718                SVC_Handler
 .text.DebugMon_Handler
                0x08001726        0xe ./Core/Src/stm32l4xx_it.o
                0x08001726                DebugMon_Handler
 .text.PendSV_Handler
                0x08001734        0xe ./Core/Src/stm32l4xx_it.o
                0x08001734                PendSV_Handler
 .text.SysTick_Handler
                0x08001742        0xc ./Core/Src/stm32l4xx_it.o
                0x08001742                SysTick_Handler
 *fill*         0x0800174e        0x2 
 .text._sbrk    0x08001750       0x6c ./Core/Src/sysmem.o
                0x08001750                _sbrk
 .text.SystemInit
                0x080017bc       0x24 ./Core/Src/system_stm32l4xx.o
                0x080017bc                SystemInit
 .text.Reset_Handler
                0x080017e0       0x50 ./Core/Startup/startup_stm32l4r9aiix.o
                0x080017e0                Reset_Handler
 .text.Default_Handler
                0x08001830        0x2 ./Core/Startup/startup_stm32l4r9aiix.o
                0x08001830                RTC_Alarm_IRQHandler
                0x08001830                EXTI2_IRQHandler
                0x08001830                TIM8_TRG_COM_IRQHandler
                0x08001830                TIM8_CC_IRQHandler
                0x08001830                TIM1_CC_IRQHandler
                0x08001830                TSC_IRQHandler
                0x08001830                TAMP_STAMP_IRQHandler
                0x08001830                EXTI3_IRQHandler
                0x08001830                LPTIM2_IRQHandler
                0x08001830                DFSDM1_FLT1_IRQHandler
                0x08001830                GFXMMU_IRQHandler
                0x08001830                I2C3_ER_IRQHandler
                0x08001830                DFSDM1_FLT2_IRQHandler
                0x08001830                EXTI0_IRQHandler
                0x08001830                I2C2_EV_IRQHandler
                0x08001830                CAN1_RX0_IRQHandler
                0x08001830                FPU_IRQHandler
                0x08001830                TIM1_UP_TIM16_IRQHandler
                0x08001830                LTDC_ER_IRQHandler
                0x08001830                SPI1_IRQHandler
                0x08001830                OCTOSPI1_IRQHandler
                0x08001830                TIM6_DAC_IRQHandler
                0x08001830                DCMI_IRQHandler
                0x08001830                TIM8_UP_IRQHandler
                0x08001830                OCTOSPI2_IRQHandler
                0x08001830                DMA2_Channel2_IRQHandler
                0x08001830                DMA1_Channel4_IRQHandler
                0x08001830                SAI2_IRQHandler
                0x08001830                ADC1_IRQHandler
                0x08001830                DFSDM1_FLT3_IRQHandler
                0x08001830                USART3_IRQHandler
                0x08001830                DMA1_Channel7_IRQHandler
                0x08001830                CAN1_RX1_IRQHandler
                0x08001830                UART5_IRQHandler
                0x08001830                TIM4_IRQHandler
                0x08001830                DMA2_Channel1_IRQHandler
                0x08001830                I2C1_EV_IRQHandler
                0x08001830                DMAMUX1_OVR_IRQHandler
                0x08001830                DMA1_Channel6_IRQHandler
                0x08001830                UART4_IRQHandler
                0x08001830                DMA2_Channel4_IRQHandler
                0x08001830                TIM3_IRQHandler
                0x08001830                RCC_IRQHandler
                0x08001830                DMA1_Channel1_IRQHandler
                0x08001830                Default_Handler
                0x08001830                DMA2_Channel7_IRQHandler
                0x08001830                EXTI15_10_IRQHandler
                0x08001830                TIM7_IRQHandler
                0x08001830                SDMMC1_IRQHandler
                0x08001830                TIM5_IRQHandler
                0x08001830                I2C3_EV_IRQHandler
                0x08001830                EXTI9_5_IRQHandler
                0x08001830                RTC_WKUP_IRQHandler
                0x08001830                LTDC_IRQHandler
                0x08001830                PVD_PVM_IRQHandler
                0x08001830                SPI2_IRQHandler
                0x08001830                CAN1_TX_IRQHandler
                0x08001830                DMA2_Channel5_IRQHandler
                0x08001830                CRS_IRQHandler
                0x08001830                DMA1_Channel5_IRQHandler
                0x08001830                EXTI4_IRQHandler
                0x08001830                RNG_IRQHandler
                0x08001830                TIM1_TRG_COM_TIM17_IRQHandler
                0x08001830                DMA1_Channel3_IRQHandler
                0x08001830                COMP_IRQHandler
                0x08001830                DSI_IRQHandler
                0x08001830                WWDG_IRQHandler
                0x08001830                I2C4_EV_IRQHandler
                0x08001830                LPUART1_IRQHandler
                0x08001830                DMA2_Channel6_IRQHandler
                0x08001830                TIM2_IRQHandler
                0x08001830                DMA2D_IRQHandler
                0x08001830                EXTI1_IRQHandler
                0x08001830                USART2_IRQHandler
                0x08001830                DFSDM1_FLT0_IRQHandler
                0x08001830                I2C2_ER_IRQHandler
                0x08001830                DMA1_Channel2_IRQHandler
                0x08001830                TIM8_BRK_IRQHandler
                0x08001830                CAN1_SCE_IRQHandler
                0x08001830                FLASH_IRQHandler
                0x08001830                USART1_IRQHandler
                0x08001830                OTG_FS_IRQHandler
                0x08001830                SPI3_IRQHandler
                0x08001830                I2C1_ER_IRQHandler
                0x08001830                FMC_IRQHandler
                0x08001830                LPTIM1_IRQHandler
                0x08001830                I2C4_ER_IRQHandler
                0x08001830                SAI1_IRQHandler
                0x08001830                DMA2_Channel3_IRQHandler
                0x08001830                TIM1_BRK_TIM15_IRQHandler
 .text.HAL_Init
                0x08001832       0x30 ./Drivers/STM32L4xx_HAL_Driver/Src/stm32l4xx_hal.o
                0x08001832                HAL_Init
 *fill*         0x08001862        0x2 
 .text.HAL_InitTick
                0x08001864       0x78 ./Drivers/STM32L4xx_HAL_Driver/Src/stm32l4xx_hal.o
                0x08001864                HAL_InitTick
 .text.HAL_IncTick
                0x080018dc       0x28 ./Drivers/STM32L4xx_HAL_Driver/Src/stm32l4xx_hal.o
                0x080018dc                HAL_IncTick
 .text.HAL_GetTick
                0x08001904       0x18 ./Drivers/STM32L4xx_HAL_Driver/Src/stm32l4xx_hal.o
                0x08001904                HAL_GetTick
 .text.HAL_Delay
                0x0800191c       0x48 ./Drivers/STM32L4xx_HAL_Driver/Src/stm32l4xx_hal.o
                0x0800191c                HAL_Delay
 .text.__NVIC_SetPriorityGrouping
                0x08001964       0x48 ./Drivers/STM32L4xx_HAL_Driver/Src/stm32l4xx_hal_cortex.o
 .text.__NVIC_GetPriorityGrouping
                0x080019ac       0x1c ./Drivers/STM32L4xx_HAL_Driver/Src/stm32l4xx_hal_cortex.o
 .text.__NVIC_SetPriority
                0x080019c8       0x54 ./Drivers/STM32L4xx_HAL_Driver/Src/stm32l4xx_hal_cortex.o
 .text.NVIC_EncodePriority
                0x08001a1c       0x66 ./Drivers/STM32L4xx_HAL_Driver/Src/stm32l4xx_hal_cortex.o
 *fill*         0x08001a82        0x2 
 .text.SysTick_Config
                0x08001a84       0x44 ./Drivers/STM32L4xx_HAL_Driver/Src/stm32l4xx_hal_cortex.o
 .text.HAL_NVIC_SetPriorityGrouping
                0x08001ac8       0x16 ./Drivers/STM32L4xx_HAL_Driver/Src/stm32l4xx_hal_cortex.o
                0x08001ac8                HAL_NVIC_SetPriorityGrouping
 .text.HAL_NVIC_SetPriority
                0x08001ade       0x38 ./Drivers/STM32L4xx_HAL_Driver/Src/stm32l4xx_hal_cortex.o
                0x08001ade                HAL_NVIC_SetPriority
 .text.HAL_SYSTICK_Config
                0x08001b16       0x18 ./Drivers/STM32L4xx_HAL_Driver/Src/stm32l4xx_hal_cortex.o
                0x08001b16                HAL_SYSTICK_Config
 *fill*         0x08001b2e        0x2 
 .text.HAL_GPIO_Init
                0x08001b30      0x324 ./Drivers/STM32L4xx_HAL_Driver/Src/stm32l4xx_hal_gpio.o
                0x08001b30                HAL_GPIO_Init
 .text.HAL_GPIO_WritePin
                0x08001e54       0x30 ./Drivers/STM32L4xx_HAL_Driver/Src/stm32l4xx_hal_gpio.o
                0x08001e54                HAL_GPIO_WritePin
 .text.HAL_I2C_Init
                0x08001e84      0x136 ./Drivers/STM32L4xx_HAL_Driver/Src/stm32l4xx_hal_i2c.o
                0x08001e84                HAL_I2C_Init
 .text.HAL_I2CEx_ConfigAnalogFilter
                0x08001fba       0x96 ./Drivers/STM32L4xx_HAL_Driver/Src/stm32l4xx_hal_i2c_ex.o
                0x08001fba                HAL_I2CEx_ConfigAnalogFilter
 .text.HAL_I2CEx_ConfigDigitalFilter
                0x08002050       0x98 ./Drivers/STM32L4xx_HAL_Driver/Src/stm32l4xx_hal_i2c_ex.o
                0x08002050                HAL_I2CEx_ConfigDigitalFilter
 .text.HAL_PCD_Init
                0x080020e8      0x21e ./Drivers/STM32L4xx_HAL_Driver/Src/stm32l4xx_hal_pcd.o
                0x080020e8                HAL_PCD_Init
 .text.HAL_PCDEx_ActivateLPM
                0x08002306       0x48 ./Drivers/STM32L4xx_HAL_Driver/Src/stm32l4xx_hal_pcd_ex.o
                0x08002306                HAL_PCDEx_ActivateLPM
 *fill*         0x0800234e        0x2 
 .text.HAL_PWREx_GetVoltageRange
                0x08002350       0x40 ./Drivers/STM32L4xx_HAL_Driver/Src/stm32l4xx_hal_pwr_ex.o
                0x08002350                HAL_PWREx_GetVoltageRange
 .text.HAL_PWREx_ControlVoltageScaling
                0x08002390      0x148 ./Drivers/STM32L4xx_HAL_Driver/Src/stm32l4xx_hal_pwr_ex.o
                0x08002390                HAL_PWREx_ControlVoltageScaling
 .text.HAL_PWREx_EnableVddUSB
                0x080024d8       0x20 ./Drivers/STM32L4xx_HAL_Driver/Src/stm32l4xx_hal_pwr_ex.o
                0x080024d8                HAL_PWREx_EnableVddUSB
 .text.HAL_PWREx_EnableVddIO2
                0x080024f8       0x20 ./Drivers/STM32L4xx_HAL_Driver/Src/stm32l4xx_hal_pwr_ex.o
                0x080024f8                HAL_PWREx_EnableVddIO2
 .text.HAL_RCC_OscConfig
                0x08002518      0x834 ./Drivers/STM32L4xx_HAL_Driver/Src/stm32l4xx_hal_rcc.o
                0x08002518                HAL_RCC_OscConfig
 .text.HAL_RCC_ClockConfig
                0x08002d4c      0x274 ./Drivers/STM32L4xx_HAL_Driver/Src/stm32l4xx_hal_rcc.o
                0x08002d4c                HAL_RCC_ClockConfig
 .text.HAL_RCC_GetSysClockFreq
                0x08002fc0      0x114 ./Drivers/STM32L4xx_HAL_Driver/Src/stm32l4xx_hal_rcc.o
                0x08002fc0                HAL_RCC_GetSysClockFreq
 .text.HAL_RCC_GetHCLKFreq
                0x080030d4       0x18 ./Drivers/STM32L4xx_HAL_Driver/Src/stm32l4xx_hal_rcc.o
                0x080030d4                HAL_RCC_GetHCLKFreq
 .text.HAL_RCC_GetPCLK1Freq
                0x080030ec       0x2c ./Drivers/STM32L4xx_HAL_Driver/Src/stm32l4xx_hal_rcc.o
                0x080030ec                HAL_RCC_GetPCLK1Freq
 .text.HAL_RCC_GetPCLK2Freq
                0x08003118       0x2c ./Drivers/STM32L4xx_HAL_Driver/Src/stm32l4xx_hal_rcc.o
                0x08003118                HAL_RCC_GetPCLK2Freq
 .text.RCC_SetFlashLatencyFromMSIRange
                0x08003144       0xb4 ./Drivers/STM32L4xx_HAL_Driver/Src/stm32l4xx_hal_rcc.o
 .text.RCC_GetSysClockFreqFromPLLSource
                0x080031f8       0xc8 ./Drivers/STM32L4xx_HAL_Driver/Src/stm32l4xx_hal_rcc.o
 .text.HAL_RCCEx_PeriphCLKConfig
                0x080032c0      0x720 ./Drivers/STM32L4xx_HAL_Driver/Src/stm32l4xx_hal_rcc_ex.o
                0x080032c0                HAL_RCCEx_PeriphCLKConfig
 .text.HAL_RCCEx_GetPeriphCLKFreq
                0x080039e0      0xe40 ./Drivers/STM32L4xx_HAL_Driver/Src/stm32l4xx_hal_rcc_ex.o
                0x080039e0                HAL_RCCEx_GetPeriphCLKFreq
 .text.RCCEx_PLLSAI1_Config
                0x08004820      0x1e8 ./Drivers/STM32L4xx_HAL_Driver/Src/stm32l4xx_hal_rcc_ex.o
 .text.RCCEx_PLLSAI2_Config
                0x08004a08      0x1e8 ./Drivers/STM32L4xx_HAL_Driver/Src/stm32l4xx_hal_rcc_ex.o
 .text.RCCEx_GetSAIxPeriphCLKFreq
                0x08004bf0      0x224 ./Drivers/STM32L4xx_HAL_Driver/Src/stm32l4xx_hal_rcc_ex.o
 .text.HAL_SAI_Init
                0x08004e14      0x3bc ./Drivers/STM32L4xx_HAL_Driver/Src/stm32l4xx_hal_sai.o
                0x08004e14                HAL_SAI_Init
 .text.SAI_Disable
                0x080051d0       0x74 ./Drivers/STM32L4xx_HAL_Driver/Src/stm32l4xx_hal_sai.o
 .text.HAL_SD_Init
                0x08005244      0x122 ./Drivers/STM32L4xx_HAL_Driver/Src/stm32l4xx_hal_sd.o
                0x08005244                HAL_SD_Init
 *fill*         0x08005366        0x2 
 .text.HAL_SD_InitCard
                0x08005368      0x144 ./Drivers/STM32L4xx_HAL_Driver/Src/stm32l4xx_hal_sd.o
                0x08005368                HAL_SD_InitCard
 .text.HAL_SD_GetCardCSD
                0x080054ac      0x348 ./Drivers/STM32L4xx_HAL_Driver/Src/stm32l4xx_hal_sd.o
                0x080054ac                HAL_SD_GetCardCSD
 .text.HAL_SD_GetCardStatus
                0x080057f4      0x16c ./Drivers/STM32L4xx_HAL_Driver/Src/stm32l4xx_hal_sd.o
                0x080057f4                HAL_SD_GetCardStatus
 .text.HAL_SD_ConfigWideBusOperation
                0x08005960      0x228 ./Drivers/STM32L4xx_HAL_Driver/Src/stm32l4xx_hal_sd.o
                0x08005960                HAL_SD_ConfigWideBusOperation
 .text.HAL_SD_GetCardState
                0x08005b88       0x40 ./Drivers/STM32L4xx_HAL_Driver/Src/stm32l4xx_hal_sd.o
                0x08005b88                HAL_SD_GetCardState
 .text.SD_InitCard
                0x08005bc8      0x17e ./Drivers/STM32L4xx_HAL_Driver/Src/stm32l4xx_hal_sd.o
 *fill*         0x08005d46        0x2 
 .text.SD_PowerON
                0x08005d48      0x218 ./Drivers/STM32L4xx_HAL_Driver/Src/stm32l4xx_hal_sd.o
 .text.SD_SendSDStatus
                0x08005f60      0x1a0 ./Drivers/STM32L4xx_HAL_Driver/Src/stm32l4xx_hal_sd.o
 .text.SD_SendStatus
                0x08006100       0x50 ./Drivers/STM32L4xx_HAL_Driver/Src/stm32l4xx_hal_sd.o
 .text.SD_WideBus_Enable
                0x08006150       0x96 ./Drivers/STM32L4xx_HAL_Driver/Src/stm32l4xx_hal_sd.o
 .text.SD_WideBus_Disable
                0x080061e6       0x96 ./Drivers/STM32L4xx_HAL_Driver/Src/stm32l4xx_hal_sd.o
 .text.SD_FindSCR
                0x0800627c      0x1a0 ./Drivers/STM32L4xx_HAL_Driver/Src/stm32l4xx_hal_sd.o
 .text.HAL_SDEx_DriveTransceiver_1_8V_Callback
                0x0800641c       0x16 ./Drivers/STM32L4xx_HAL_Driver/Src/stm32l4xx_hal_sd_ex.o
                0x0800641c                HAL_SDEx_DriveTransceiver_1_8V_Callback
 .text.HAL_SPI_Init
                0x08006432      0x146 ./Drivers/STM32L4xx_HAL_Driver/Src/stm32l4xx_hal_spi.o
                0x08006432                HAL_SPI_Init
 .text.HAL_SRAM_Init
                0x08006578       0x90 ./Drivers/STM32L4xx_HAL_Driver/Src/stm32l4xx_hal_sram.o
                0x08006578                HAL_SRAM_Init
 .text.HAL_UART_Init
                0x08006608       0xa0 ./Drivers/STM32L4xx_HAL_Driver/Src/stm32l4xx_hal_uart.o
                0x08006608                HAL_UART_Init
 .text.HAL_UART_Transmit
                0x080066a8      0x11c ./Drivers/STM32L4xx_HAL_Driver/Src/stm32l4xx_hal_uart.o
                0x080066a8                HAL_UART_Transmit
 .text.HAL_UART_Receive
                0x080067c4      0x192 ./Drivers/STM32L4xx_HAL_Driver/Src/stm32l4xx_hal_uart.o
                0x080067c4                HAL_UART_Receive
 *fill*         0x08006956        0x2 
 .text.UART_SetConfig
                0x08006958      0x5f8 ./Drivers/STM32L4xx_HAL_Driver/Src/stm32l4xx_hal_uart.o
                0x08006958                UART_SetConfig
 .text.UART_AdvFeatureConfig
                0x08006f50      0x144 ./Drivers/STM32L4xx_HAL_Driver/Src/stm32l4xx_hal_uart.o
                0x08006f50                UART_AdvFeatureConfig
 .text.UART_CheckIdleState
                0x08007094      0x154 ./Drivers/STM32L4xx_HAL_Driver/Src/stm32l4xx_hal_uart.o
                0x08007094                UART_CheckIdleState
 .text.UART_WaitOnFlagUntilTimeout
                0x080071e8       0xda ./Drivers/STM32L4xx_HAL_Driver/Src/stm32l4xx_hal_uart.o
                0x080071e8                UART_WaitOnFlagUntilTimeout
 .text.UART_EndRxTransfer
                0x080072c2       0xcc ./Drivers/STM32L4xx_HAL_Driver/Src/stm32l4xx_hal_uart.o
 .text.HAL_UARTEx_DisableFifoMode
                0x0800738e       0x72 ./Drivers/STM32L4xx_HAL_Driver/Src/stm32l4xx_hal_uart_ex.o
                0x0800738e                HAL_UARTEx_DisableFifoMode
 .text.HAL_UARTEx_SetTxFifoThreshold
                0x08007400       0x7c ./Drivers/STM32L4xx_HAL_Driver/Src/stm32l4xx_hal_uart_ex.o
                0x08007400                HAL_UARTEx_SetTxFifoThreshold
 .text.HAL_UARTEx_SetRxFifoThreshold
                0x0800747c       0x7c ./Drivers/STM32L4xx_HAL_Driver/Src/stm32l4xx_hal_uart_ex.o
                0x0800747c                HAL_UARTEx_SetRxFifoThreshold
 .text.UARTEx_SetNbDataToProcess
                0x080074f8       0x9c ./Drivers/STM32L4xx_HAL_Driver/Src/stm32l4xx_hal_uart_ex.o
 .text.FMC_NORSRAM_Init
                0x08007594      0x134 ./Drivers/STM32L4xx_HAL_Driver/Src/stm32l4xx_ll_fmc.o
                0x08007594                FMC_NORSRAM_Init
 .text.FMC_NORSRAM_Timing_Init
                0x080076c8       0x9a ./Drivers/STM32L4xx_HAL_Driver/Src/stm32l4xx_ll_fmc.o
                0x080076c8                FMC_NORSRAM_Timing_Init
 .text.FMC_NORSRAM_Extended_Timing_Init
                0x08007762       0x74 ./Drivers/STM32L4xx_HAL_Driver/Src/stm32l4xx_ll_fmc.o
                0x08007762                FMC_NORSRAM_Extended_Timing_Init
 *fill*         0x080077d6        0x2 
 .text.SDMMC_Init
                0x080077d8       0x54 ./Drivers/STM32L4xx_HAL_Driver/Src/stm32l4xx_ll_sdmmc.o
                0x080077d8                SDMMC_Init
 .text.SDMMC_ReadFIFO
                0x0800782c       0x1a ./Drivers/STM32L4xx_HAL_Driver/Src/stm32l4xx_ll_sdmmc.o
                0x0800782c                SDMMC_ReadFIFO
 .text.SDMMC_PowerState_ON
                0x08007846       0x24 ./Drivers/STM32L4xx_HAL_Driver/Src/stm32l4xx_ll_sdmmc.o
                0x08007846                SDMMC_PowerState_ON
 .text.SDMMC_GetPowerState
                0x0800786a       0x1c ./Drivers/STM32L4xx_HAL_Driver/Src/stm32l4xx_ll_sdmmc.o
                0x0800786a                SDMMC_GetPowerState
 *fill*         0x08007886        0x2 
 .text.SDMMC_SendCommand
                0x08007888       0x54 ./Drivers/STM32L4xx_HAL_Driver/Src/stm32l4xx_ll_sdmmc.o
                0x08007888                SDMMC_SendCommand
 .text.SDMMC_GetCommandResponse
                0x080078dc       0x1a ./Drivers/STM32L4xx_HAL_Driver/Src/stm32l4xx_ll_sdmmc.o
                0x080078dc                SDMMC_GetCommandResponse
 .text.SDMMC_GetResponse
                0x080078f6       0x26 ./Drivers/STM32L4xx_HAL_Driver/Src/stm32l4xx_ll_sdmmc.o
                0x080078f6                SDMMC_GetResponse
 .text.SDMMC_ConfigData
                0x0800791c       0x58 ./Drivers/STM32L4xx_HAL_Driver/Src/stm32l4xx_ll_sdmmc.o
                0x0800791c                SDMMC_ConfigData
 .text.SDMMC_CmdBlockLength
                0x08007974       0x46 ./Drivers/STM32L4xx_HAL_Driver/Src/stm32l4xx_ll_sdmmc.o
                0x08007974                SDMMC_CmdBlockLength
 .text.SDMMC_CmdSelDesel
                0x080079ba       0x48 ./Drivers/STM32L4xx_HAL_Driver/Src/stm32l4xx_ll_sdmmc.o
                0x080079ba                SDMMC_CmdSelDesel
 .text.SDMMC_CmdGoIdleState
                0x08007a02       0x3c ./Drivers/STM32L4xx_HAL_Driver/Src/stm32l4xx_ll_sdmmc.o
                0x08007a02                SDMMC_CmdGoIdleState
 .text.SDMMC_CmdOperCond
                0x08007a3e       0x40 ./Drivers/STM32L4xx_HAL_Driver/Src/stm32l4xx_ll_sdmmc.o
                0x08007a3e                SDMMC_CmdOperCond
 .text.SDMMC_CmdAppCommand
                0x08007a7e       0x46 ./Drivers/STM32L4xx_HAL_Driver/Src/stm32l4xx_ll_sdmmc.o
                0x08007a7e                SDMMC_CmdAppCommand
 .text.SDMMC_CmdAppOperCommand
                0x08007ac4       0x40 ./Drivers/STM32L4xx_HAL_Driver/Src/stm32l4xx_ll_sdmmc.o
                0x08007ac4                SDMMC_CmdAppOperCommand
 .text.SDMMC_CmdBusWidth
                0x08007b04       0x46 ./Drivers/STM32L4xx_HAL_Driver/Src/stm32l4xx_ll_sdmmc.o
                0x08007b04                SDMMC_CmdBusWidth
 .text.SDMMC_CmdSendSCR
                0x08007b4a       0x44 ./Drivers/STM32L4xx_HAL_Driver/Src/stm32l4xx_ll_sdmmc.o
                0x08007b4a                SDMMC_CmdSendSCR
 .text.SDMMC_CmdSendCID
                0x08007b8e       0x3e ./Drivers/STM32L4xx_HAL_Driver/Src/stm32l4xx_ll_sdmmc.o
                0x08007b8e                SDMMC_CmdSendCID
 .text.SDMMC_CmdSendCSD
                0x08007bcc       0x40 ./Drivers/STM32L4xx_HAL_Driver/Src/stm32l4xx_ll_sdmmc.o
                0x08007bcc                SDMMC_CmdSendCSD
 .text.SDMMC_CmdSetRelAdd
                0x08007c0c       0x44 ./Drivers/STM32L4xx_HAL_Driver/Src/stm32l4xx_ll_sdmmc.o
                0x08007c0c                SDMMC_CmdSetRelAdd
 .text.SDMMC_CmdSendStatus
                0x08007c50       0x46 ./Drivers/STM32L4xx_HAL_Driver/Src/stm32l4xx_ll_sdmmc.o
                0x08007c50                SDMMC_CmdSendStatus
 .text.SDMMC_CmdStatusRegister
                0x08007c96       0x44 ./Drivers/STM32L4xx_HAL_Driver/Src/stm32l4xx_ll_sdmmc.o
                0x08007c96                SDMMC_CmdStatusRegister
 .text.SDMMC_CmdVoltageSwitch
                0x08007cda       0x44 ./Drivers/STM32L4xx_HAL_Driver/Src/stm32l4xx_ll_sdmmc.o
                0x08007cda                SDMMC_CmdVoltageSwitch
 *fill*         0x08007d1e        0x2 
 .text.SDMMC_GetCmdResp1
                0x08007d20      0x1e4 ./Drivers/STM32L4xx_HAL_Driver/Src/stm32l4xx_ll_sdmmc.o
                0x08007d20                SDMMC_GetCmdResp1
 .text.SDMMC_GetCmdResp2
                0x08007f04       0x94 ./Drivers/STM32L4xx_HAL_Driver/Src/stm32l4xx_ll_sdmmc.o
                0x08007f04                SDMMC_GetCmdResp2
 .text.SDMMC_GetCmdResp3
                0x08007f98       0x80 ./Drivers/STM32L4xx_HAL_Driver/Src/stm32l4xx_ll_sdmmc.o
                0x08007f98                SDMMC_GetCmdResp3
 .text.SDMMC_GetCmdResp6
                0x08008018       0xf0 ./Drivers/STM32L4xx_HAL_Driver/Src/stm32l4xx_ll_sdmmc.o
                0x08008018                SDMMC_GetCmdResp6
 .text.SDMMC_GetCmdResp7
                0x08008108       0x9c ./Drivers/STM32L4xx_HAL_Driver/Src/stm32l4xx_ll_sdmmc.o
                0x08008108                SDMMC_GetCmdResp7
 .text.SDMMC_GetCmdError
                0x080081a4       0x5c ./Drivers/STM32L4xx_HAL_Driver/Src/stm32l4xx_ll_sdmmc.o
 .text.USB_CoreInit
                0x08008200       0x5a ./Drivers/STM32L4xx_HAL_Driver/Src/stm32l4xx_ll_usb.o
                0x08008200                USB_CoreInit
 .text.USB_DisableGlobalInt
                0x0800825a       0x22 ./Drivers/STM32L4xx_HAL_Driver/Src/stm32l4xx_ll_usb.o
                0x0800825a                USB_DisableGlobalInt
 .text.USB_SetCurrentMode
                0x0800827c       0x98 ./Drivers/STM32L4xx_HAL_Driver/Src/stm32l4xx_ll_usb.o
                0x0800827c                USB_SetCurrentMode
 .text.USB_DevInit
                0x08008314      0x290 ./Drivers/STM32L4xx_HAL_Driver/Src/stm32l4xx_ll_usb.o
                0x08008314                USB_DevInit
 .text.USB_FlushTxFifo
                0x080085a4       0x64 ./Drivers/STM32L4xx_HAL_Driver/Src/stm32l4xx_ll_usb.o
                0x080085a4                USB_FlushTxFifo
 .text.USB_FlushRxFifo
                0x08008608       0x5c ./Drivers/STM32L4xx_HAL_Driver/Src/stm32l4xx_ll_usb.o
                0x08008608                USB_FlushRxFifo
 .text.USB_SetDevSpeed
                0x08008664       0x32 ./Drivers/STM32L4xx_HAL_Driver/Src/stm32l4xx_ll_usb.o
                0x08008664                USB_SetDevSpeed
 .text.USB_DevDisconnect
                0x08008696       0x42 ./Drivers/STM32L4xx_HAL_Driver/Src/stm32l4xx_ll_usb.o
                0x08008696                USB_DevDisconnect
 .text.USB_GetMode
                0x080086d8       0x1c ./Drivers/STM32L4xx_HAL_Driver/Src/stm32l4xx_ll_usb.o
                0x080086d8                USB_GetMode
 .text.USB_CoreReset
                0x080086f4       0x62 ./Drivers/STM32L4xx_HAL_Driver/Src/stm32l4xx_ll_usb.o
 *fill*         0x08008756        0x2 
 .text.ai_log_err
                0x08008758       0x44 ./X-CUBE-AI/App/app_x-cube-ai.o
 .text.ai_boostrap
                0x0800879c       0xc8 ./X-CUBE-AI/App/app_x-cube-ai.o
 .text.ai_run   0x08008864       0x54 ./X-CUBE-AI/App/app_x-cube-ai.o
 .text.acquire_and_process_data
                0x080088b8      0x100 ./X-CUBE-AI/App/app_x-cube-ai.o
                0x080088b8                acquire_and_process_data
 .text.post_process
                0x080089b8      0x100 ./X-CUBE-AI/App/app_x-cube-ai.o
                0x080089b8                post_process
 .text.MX_X_CUBE_AI_Init
                0x08008ab8       0x1c ./X-CUBE-AI/App/app_x-cube-ai.o
                0x08008ab8                MX_X_CUBE_AI_Init
 .text.MX_X_CUBE_AI_Process
                0x08008ad4       0x7c ./X-CUBE-AI/App/app_x-cube-ai.o
                0x08008ad4                MX_X_CUBE_AI_Process
 .text.mnist_configure_activations
                0x08008b50       0xf8 ./X-CUBE-AI/App/mnist.o
 .text.mnist_configure_weights
                0x08008c48      0x124 ./X-CUBE-AI/App/mnist.o
 .text.ai_mnist_get_error
                0x08008d6c       0x18 ./X-CUBE-AI/App/mnist.o
                0x08008d6c                ai_mnist_get_error
 .text.ai_mnist_create
                0x08008d84       0x2c ./X-CUBE-AI/App/mnist.o
                0x08008d84                ai_mnist_create
 .text.ai_mnist_create_and_init
                0x08008db0       0xfc ./X-CUBE-AI/App/mnist.o
                0x08008db0                ai_mnist_create_and_init
 .text.ai_mnist_inputs_get
                0x08008eac       0x34 ./X-CUBE-AI/App/mnist.o
                0x08008eac                ai_mnist_inputs_get
 .text.ai_mnist_outputs_get
                0x08008ee0       0x34 ./X-CUBE-AI/App/mnist.o
                0x08008ee0                ai_mnist_outputs_get
 .text.ai_mnist_init
                0x08008f14       0x78 ./X-CUBE-AI/App/mnist.o
                0x08008f14                ai_mnist_init
 .text.ai_mnist_run
                0x08008f8c       0x20 ./X-CUBE-AI/App/mnist.o
                0x08008f8c                ai_mnist_run
 .text.ai_mnist_data_params_get
                0x08008fac       0x50 ./X-CUBE-AI/App/mnist_data.o
                0x08008fac                ai_mnist_data_params_get
 .text.ai_buffer_get_size
                0x08008ffc       0x68 ../Middlewares/ST/AI/Lib\NetworkRuntime1000_CM4_GCC.a(ai_platform.o)
                0x08008ffc                ai_buffer_get_size
 .text.ai_buffer_array_sane
                0x08009064       0x14 ../Middlewares/ST/AI/Lib\NetworkRuntime1000_CM4_GCC.a(ai_platform.o)
                0x08009064                ai_buffer_array_sane
 .text.ai_buffer_array_item_set_address
                0x08009078       0x20 ../Middlewares/ST/AI/Lib\NetworkRuntime1000_CM4_GCC.a(ai_platform.o)
                0x08009078                ai_buffer_array_item_set_address
 .text.ai_platform_get_weights_map
                0x08009098       0xa8 ../Middlewares/ST/AI/Lib\NetworkRuntime1000_CM4_GCC.a(ai_platform_interface.o)
                0x08009098                ai_platform_get_weights_map
 .text.ai_platform_get_activations_map
                0x08009140       0xa8 ../Middlewares/ST/AI/Lib\NetworkRuntime1000_CM4_GCC.a(ai_platform_interface.o)
                0x08009140                ai_platform_get_activations_map
 .text.ai_platform_bind_network_params
                0x080091e8       0x44 ../Middlewares/ST/AI/Lib\NetworkRuntime1000_CM4_GCC.a(ai_platform_interface.o)
                0x080091e8                ai_platform_bind_network_params
 .text.ai_platform_network_get_error
                0x0800922c       0x18 ../Middlewares/ST/AI/Lib\NetworkRuntime1000_CM4_GCC.a(ai_platform_interface.o)
                0x0800922c                ai_platform_network_get_error
 .text.ai_platform_network_set_error
                0x08009244        0xc ../Middlewares/ST/AI/Lib\NetworkRuntime1000_CM4_GCC.a(ai_platform_interface.o)
                0x08009244                ai_platform_network_set_error
 .text.ai_platform_inputs_get
                0x08009250       0xec ../Middlewares/ST/AI/Lib\NetworkRuntime1000_CM4_GCC.a(ai_platform_interface.o)
                0x08009250                ai_platform_inputs_get
 .text.ai_platform_outputs_get
                0x0800933c       0xe8 ../Middlewares/ST/AI/Lib\NetworkRuntime1000_CM4_GCC.a(ai_platform_interface.o)
                0x0800933c                ai_platform_outputs_get
 .text.ai_platform_network_create
                0x08009424       0x84 ../Middlewares/ST/AI/Lib\NetworkRuntime1000_CM4_GCC.a(ai_platform_interface.o)
                0x08009424                ai_platform_network_create
 .text.ai_platform_network_init
                0x080094a8      0x19c ../Middlewares/ST/AI/Lib\NetworkRuntime1000_CM4_GCC.a(ai_platform_interface.o)
                0x080094a8                ai_platform_network_init
 .text.ai_platform_network_post_init
                0x08009644       0x60 ../Middlewares/ST/AI/Lib\NetworkRuntime1000_CM4_GCC.a(ai_platform_interface.o)
                0x08009644                ai_platform_network_post_init
 .text.ai_platform_network_process
                0x080096a4      0x480 ../Middlewares/ST/AI/Lib\NetworkRuntime1000_CM4_GCC.a(ai_platform_interface.o)
                0x080096a4                ai_platform_network_process
 .text.core_init
                0x08009b24        0x4 ../Middlewares/ST/AI/Lib\NetworkRuntime1000_CM4_GCC.a(core_common.o)
                0x08009b24                core_init
 .text.core_get_error
                0x08009b28        0xc ../Middlewares/ST/AI/Lib\NetworkRuntime1000_CM4_GCC.a(core_common.o)
                0x08009b28                core_get_error
 .text.core_set_error
                0x08009b34       0x18 ../Middlewares/ST/AI/Lib\NetworkRuntime1000_CM4_GCC.a(core_common.o)
                0x08009b34                core_set_error
 .text.ai_check_custom_types
                0x08009b4c       0x54 ../Middlewares/ST/AI/Lib\NetworkRuntime1000_CM4_GCC.a(layers.o)
                0x08009b4c                ai_check_custom_types
 .text.ai_layers_init_all
                0x08009ba0       0x1c ../Middlewares/ST/AI/Lib\NetworkRuntime1000_CM4_GCC.a(layers.o)
                0x08009ba0                ai_layers_init_all
 .text.ai_layers_post_init_all
                0x08009bbc       0x28 ../Middlewares/ST/AI/Lib\NetworkRuntime1000_CM4_GCC.a(layers.o)
                0x08009bbc                ai_layers_post_init_all
 .text.ai_layers_forward_all
                0x08009be4       0x94 ../Middlewares/ST/AI/Lib\NetworkRuntime1000_CM4_GCC.a(layers.o)
                0x08009be4                ai_layers_forward_all
 .text.forward_conv2d_if32of32wf32_nl_pool
                0x08009c78      0x2e0 ../Middlewares/ST/AI/Lib\NetworkRuntime1000_CM4_GCC.a(layers_conv2d_generic_float.o)
                0x08009c78                forward_conv2d_if32of32wf32_nl_pool
 .text.forward_dense
                0x08009f58       0xfc ../Middlewares/ST/AI/Lib\NetworkRuntime1000_CM4_GCC.a(layers_conv2d_generic_float.o)
                0x08009f58                forward_dense
 .text.forward_relu
                0x0800a054      0x138 ../Middlewares/ST/AI/Lib\NetworkRuntime1000_CM4_GCC.a(layers_nl_generic_float.o)
                0x0800a054                forward_relu
 .text.forward_sm
                0x0800a18c       0x84 ../Middlewares/ST/AI/Lib\NetworkRuntime1000_CM4_GCC.a(layers_nl_generic_float.o)
                0x0800a18c                forward_sm
 .text.forward_lite_conv2d_if32of32wf32_pool
                0x0800a210      0x80c ../Middlewares/ST/AI/Lib\NetworkRuntime1000_CM4_GCC.a(forward_lite_conv2d_if32of32wf32.o)
                0x0800a210                forward_lite_conv2d_if32of32wf32_pool
 .text.forward_lite_nl_softmax_if32of32_kernel
                0x0800aa1c       0xe4 ../Middlewares/ST/AI/Lib\NetworkRuntime1000_CM4_GCC.a(lite_nl_softmax_if32of32.o)
                0x0800aa1c                forward_lite_nl_softmax_if32of32_kernel
 .text.forward_lite_nl_relu_generic_if32of32_kernel
                0x0800ab00       0xfc ../Middlewares/ST/AI/Lib\NetworkRuntime1000_CM4_GCC.a(lite_nl_relu_if32of32.o)
                0x0800ab00                forward_lite_nl_relu_generic_if32of32_kernel
 .text.pool_func_mp_array_f32
                0x0800abfc      0x450 ../Middlewares/ST/AI/Lib\NetworkRuntime1000_CM4_GCC.a(forward_lite_pool_f32.o)
                0x0800abfc                pool_func_mp_array_f32
 .text.forward_lite_dense_if32of32wf32
                0x0800b04c      0x2b4 ../Middlewares/ST/AI/Lib\NetworkRuntime1000_CM4_GCC.a(lite_dense_if32.o)
                0x0800b04c                forward_lite_dense_if32of32wf32
 .text.forward_lite_dense_if32of32wf32_lut4
                0x0800b300      0x250 ../Middlewares/ST/AI/Lib\NetworkRuntime1000_CM4_GCC.a(lite_dense_if32.o)
                0x0800b300                forward_lite_dense_if32of32wf32_lut4
 .text.forward_lite_dense_if32of32wf32_lut8
                0x0800b550      0x25c ../Middlewares/ST/AI/Lib\NetworkRuntime1000_CM4_GCC.a(lite_dense_if32.o)
                0x0800b550                forward_lite_dense_if32of32wf32_lut8
 .text.forward_lite_nl_relu_if32of32
                0x0800b7ac       0x44 ../Middlewares/ST/AI/Lib\NetworkRuntime1000_CM4_GCC.a(lite_nl_generic_float.o)
                0x0800b7ac                forward_lite_nl_relu_if32of32
 .text.forward_lite_nl_softmax_if32of32
                0x0800b7f0       0x6c ../Middlewares/ST/AI/Lib\NetworkRuntime1000_CM4_GCC.a(lite_nl_generic_float.o)
                0x0800b7f0                forward_lite_nl_softmax_if32of32
 .text.st_int8_copy
                0x0800b85c      0x144 ../Middlewares/ST/AI/Lib\NetworkRuntime1000_CM4_GCC.a(st_int8_fill.o)
                0x0800b85c                st_int8_copy
 .text.ai_array_to_buffer_fmt
                0x0800b9a0       0xe0 ../Middlewares/ST/AI/Lib\NetworkRuntime1000_CM4_GCC.a(ai_datatypes_format.o)
                0x0800b9a0                ai_array_to_buffer_fmt
 .text.ai_array_get_byte_size
                0x0800ba80       0x50 ../Middlewares/ST/AI/Lib\NetworkRuntime1000_CM4_GCC.a(ai_datatypes_format.o)
                0x0800ba80                ai_array_get_byte_size
 .text.ai_array_get_data_byte_size
                0x0800bad0       0x24 ../Middlewares/ST/AI/Lib\NetworkRuntime1000_CM4_GCC.a(ai_datatypes_format.o)
                0x0800bad0                ai_array_get_data_byte_size
 .text.ai_version_get
                0x0800baf4        0xc ../Middlewares/ST/AI/Lib\NetworkRuntime1000_CM4_GCC.a(ai_datatypes_internal.o)
                0x0800baf4                ai_version_get
 .text.get_tensor_byte_size
                0x0800bb00       0x30 ../Middlewares/ST/AI/Lib\NetworkRuntime1000_CM4_GCC.a(ai_datatypes_internal.o)
                0x0800bb00                get_tensor_byte_size
 .text.sbrk_aligned
                0x0800bb30       0x44 C:/ST/STM32CubeIDE_1.17.0/STM32CubeIDE/plugins/com.st.stm32cube.ide.mcu.externaltools.gnu-tools-for-stm32.12.3.rel1.win32_1.1.0.202410251130/tools/bin/../lib/gcc/arm-none-eabi/12.3.1/../../../../arm-none-eabi/lib/thumb/v7e-m+fp/hard\libc_nano.a(libc_a-mallocr.o)
 .text._malloc_r
                0x0800bb74      0x100 C:/ST/STM32CubeIDE_1.17.0/STM32CubeIDE/plugins/com.st.stm32cube.ide.mcu.externaltools.gnu-tools-for-stm32.12.3.rel1.win32_1.1.0.202410251130/tools/bin/../lib/gcc/arm-none-eabi/12.3.1/../../../../arm-none-eabi/lib/thumb/v7e-m+fp/hard\libc_nano.a(libc_a-mallocr.o)
                0x0800bb74                _malloc_r
 .text.__malloc_lock
                0x0800bc74        0xc C:/ST/STM32CubeIDE_1.17.0/STM32CubeIDE/plugins/com.st.stm32cube.ide.mcu.externaltools.gnu-tools-for-stm32.12.3.rel1.win32_1.1.0.202410251130/tools/bin/../lib/gcc/arm-none-eabi/12.3.1/../../../../arm-none-eabi/lib/thumb/v7e-m+fp/hard\libc_nano.a(libc_a-mlock.o)
                0x0800bc74                __malloc_lock
 .text.__malloc_unlock
                0x0800bc80        0xc C:/ST/STM32CubeIDE_1.17.0/STM32CubeIDE/plugins/com.st.stm32cube.ide.mcu.externaltools.gnu-tools-for-stm32.12.3.rel1.win32_1.1.0.202410251130/tools/bin/../lib/gcc/arm-none-eabi/12.3.1/../../../../arm-none-eabi/lib/thumb/v7e-m+fp/hard\libc_nano.a(libc_a-mlock.o)
                0x0800bc80                __malloc_unlock
 .text.std      0x0800bc8c       0x6c C:/ST/STM32CubeIDE_1.17.0/STM32CubeIDE/plugins/com.st.stm32cube.ide.mcu.externaltools.gnu-tools-for-stm32.12.3.rel1.win32_1.1.0.202410251130/tools/bin/../lib/gcc/arm-none-eabi/12.3.1/../../../../arm-none-eabi/lib/thumb/v7e-m+fp/hard\libc_nano.a(libc_a-findfp.o)
 .text.stdio_exit_handler
                0x0800bcf8       0x18 C:/ST/STM32CubeIDE_1.17.0/STM32CubeIDE/plugins/com.st.stm32cube.ide.mcu.externaltools.gnu-tools-for-stm32.12.3.rel1.win32_1.1.0.202410251130/tools/bin/../lib/gcc/arm-none-eabi/12.3.1/../../../../arm-none-eabi/lib/thumb/v7e-m+fp/hard\libc_nano.a(libc_a-findfp.o)
 .text.cleanup_stdio
                0x0800bd10       0x40 C:/ST/STM32CubeIDE_1.17.0/STM32CubeIDE/plugins/com.st.stm32cube.ide.mcu.externaltools.gnu-tools-for-stm32.12.3.rel1.win32_1.1.0.202410251130/tools/bin/../lib/gcc/arm-none-eabi/12.3.1/../../../../arm-none-eabi/lib/thumb/v7e-m+fp/hard\libc_nano.a(libc_a-findfp.o)
 .text.global_stdio_init.part.0
                0x0800bd50       0x3c C:/ST/STM32CubeIDE_1.17.0/STM32CubeIDE/plugins/com.st.stm32cube.ide.mcu.externaltools.gnu-tools-for-stm32.12.3.rel1.win32_1.1.0.202410251130/tools/bin/../lib/gcc/arm-none-eabi/12.3.1/../../../../arm-none-eabi/lib/thumb/v7e-m+fp/hard\libc_nano.a(libc_a-findfp.o)
 .text.__sfp_lock_acquire
                0x0800bd8c        0xc C:/ST/STM32CubeIDE_1.17.0/STM32CubeIDE/plugins/com.st.stm32cube.ide.mcu.externaltools.gnu-tools-for-stm32.12.3.rel1.win32_1.1.0.202410251130/tools/bin/../lib/gcc/arm-none-eabi/12.3.1/../../../../arm-none-eabi/lib/thumb/v7e-m+fp/hard\libc_nano.a(libc_a-findfp.o)
                0x0800bd8c                __sfp_lock_acquire
 .text.__sfp_lock_release
                0x0800bd98        0xc C:/ST/STM32CubeIDE_1.17.0/STM32CubeIDE/plugins/com.st.stm32cube.ide.mcu.externaltools.gnu-tools-for-stm32.12.3.rel1.win32_1.1.0.202410251130/tools/bin/../lib/gcc/arm-none-eabi/12.3.1/../../../../arm-none-eabi/lib/thumb/v7e-m+fp/hard\libc_nano.a(libc_a-findfp.o)
                0x0800bd98                __sfp_lock_release
 .text.__sinit  0x0800bda4       0x30 C:/ST/STM32CubeIDE_1.17.0/STM32CubeIDE/plugins/com.st.stm32cube.ide.mcu.externaltools.gnu-tools-for-stm32.12.3.rel1.win32_1.1.0.202410251130/tools/bin/../lib/gcc/arm-none-eabi/12.3.1/../../../../arm-none-eabi/lib/thumb/v7e-m+fp/hard\libc_nano.a(libc_a-findfp.o)
                0x0800bda4                __sinit
 .text._fwalk_sglue
                0x0800bdd4       0x3c C:/ST/STM32CubeIDE_1.17.0/STM32CubeIDE/plugins/com.st.stm32cube.ide.mcu.externaltools.gnu-tools-for-stm32.12.3.rel1.win32_1.1.0.202410251130/tools/bin/../lib/gcc/arm-none-eabi/12.3.1/../../../../arm-none-eabi/lib/thumb/v7e-m+fp/hard\libc_nano.a(libc_a-fwalk.o)
                0x0800bdd4                _fwalk_sglue
 .text.printf   0x0800be10       0x24 C:/ST/STM32CubeIDE_1.17.0/STM32CubeIDE/plugins/com.st.stm32cube.ide.mcu.externaltools.gnu-tools-for-stm32.12.3.rel1.win32_1.1.0.202410251130/tools/bin/../lib/gcc/arm-none-eabi/12.3.1/../../../../arm-none-eabi/lib/thumb/v7e-m+fp/hard\libc_nano.a(libc_a-printf.o)
                0x0800be10                iprintf
                0x0800be10                printf
 .text._puts_r  0x0800be34       0xaa C:/ST/STM32CubeIDE_1.17.0/STM32CubeIDE/plugins/com.st.stm32cube.ide.mcu.externaltools.gnu-tools-for-stm32.12.3.rel1.win32_1.1.0.202410251130/tools/bin/../lib/gcc/arm-none-eabi/12.3.1/../../../../arm-none-eabi/lib/thumb/v7e-m+fp/hard\libc_nano.a(libc_a-puts.o)
                0x0800be34                _puts_r
 *fill*         0x0800bede        0x2 
 .text.puts     0x0800bee0       0x10 C:/ST/STM32CubeIDE_1.17.0/STM32CubeIDE/plugins/com.st.stm32cube.ide.mcu.externaltools.gnu-tools-for-stm32.12.3.rel1.win32_1.1.0.202410251130/tools/bin/../lib/gcc/arm-none-eabi/12.3.1/../../../../arm-none-eabi/lib/thumb/v7e-m+fp/hard\libc_nano.a(libc_a-puts.o)
                0x0800bee0                puts
 .text.__sread  0x0800bef0       0x22 C:/ST/STM32CubeIDE_1.17.0/STM32CubeIDE/plugins/com.st.stm32cube.ide.mcu.externaltools.gnu-tools-for-stm32.12.3.rel1.win32_1.1.0.202410251130/tools/bin/../lib/gcc/arm-none-eabi/12.3.1/../../../../arm-none-eabi/lib/thumb/v7e-m+fp/hard\libc_nano.a(libc_a-stdio.o)
                0x0800bef0                __sread
 .text.__swrite
                0x0800bf12       0x38 C:/ST/STM32CubeIDE_1.17.0/STM32CubeIDE/plugins/com.st.stm32cube.ide.mcu.externaltools.gnu-tools-for-stm32.12.3.rel1.win32_1.1.0.202410251130/tools/bin/../lib/gcc/arm-none-eabi/12.3.1/../../../../arm-none-eabi/lib/thumb/v7e-m+fp/hard\libc_nano.a(libc_a-stdio.o)
                0x0800bf12                __swrite
 .text.__sseek  0x0800bf4a       0x24 C:/ST/STM32CubeIDE_1.17.0/STM32CubeIDE/plugins/com.st.stm32cube.ide.mcu.externaltools.gnu-tools-for-stm32.12.3.rel1.win32_1.1.0.202410251130/tools/bin/../lib/gcc/arm-none-eabi/12.3.1/../../../../arm-none-eabi/lib/thumb/v7e-m+fp/hard\libc_nano.a(libc_a-stdio.o)
                0x0800bf4a                __sseek
 .text.__sclose
                0x0800bf6e        0x8 C:/ST/STM32CubeIDE_1.17.0/STM32CubeIDE/plugins/com.st.stm32cube.ide.mcu.externaltools.gnu-tools-for-stm32.12.3.rel1.win32_1.1.0.202410251130/tools/bin/../lib/gcc/arm-none-eabi/12.3.1/../../../../arm-none-eabi/lib/thumb/v7e-m+fp/hard\libc_nano.a(libc_a-stdio.o)
                0x0800bf6e                __sclose
 .text.__swbuf_r
                0x0800bf76       0x7c C:/ST/STM32CubeIDE_1.17.0/STM32CubeIDE/plugins/com.st.stm32cube.ide.mcu.externaltools.gnu-tools-for-stm32.12.3.rel1.win32_1.1.0.202410251130/tools/bin/../lib/gcc/arm-none-eabi/12.3.1/../../../../arm-none-eabi/lib/thumb/v7e-m+fp/hard\libc_nano.a(libc_a-wbuf.o)
                0x0800bf76                __swbuf_r
 *fill*         0x0800bff2        0x2 
 .text.__swsetup_r
                0x0800bff4       0xac C:/ST/STM32CubeIDE_1.17.0/STM32CubeIDE/plugins/com.st.stm32cube.ide.mcu.externaltools.gnu-tools-for-stm32.12.3.rel1.win32_1.1.0.202410251130/tools/bin/../lib/gcc/arm-none-eabi/12.3.1/../../../../arm-none-eabi/lib/thumb/v7e-m+fp/hard\libc_nano.a(libc_a-wsetup.o)
                0x0800bff4                __swsetup_r
 .text.memset   0x0800c0a0       0x10 C:/ST/STM32CubeIDE_1.17.0/STM32CubeIDE/plugins/com.st.stm32cube.ide.mcu.externaltools.gnu-tools-for-stm32.12.3.rel1.win32_1.1.0.202410251130/tools/bin/../lib/gcc/arm-none-eabi/12.3.1/../../../../arm-none-eabi/lib/thumb/v7e-m+fp/hard\libc_nano.a(libc_a-memset.o)
                0x0800c0a0                memset
 .text._close_r
                0x0800c0b0       0x20 C:/ST/STM32CubeIDE_1.17.0/STM32CubeIDE/plugins/com.st.stm32cube.ide.mcu.externaltools.gnu-tools-for-stm32.12.3.rel1.win32_1.1.0.202410251130/tools/bin/../lib/gcc/arm-none-eabi/12.3.1/../../../../arm-none-eabi/lib/thumb/v7e-m+fp/hard\libc_nano.a(libc_a-closer.o)
                0x0800c0b0                _close_r
 .text._lseek_r
                0x0800c0d0       0x24 C:/ST/STM32CubeIDE_1.17.0/STM32CubeIDE/plugins/com.st.stm32cube.ide.mcu.externaltools.gnu-tools-for-stm32.12.3.rel1.win32_1.1.0.202410251130/tools/bin/../lib/gcc/arm-none-eabi/12.3.1/../../../../arm-none-eabi/lib/thumb/v7e-m+fp/hard\libc_nano.a(libc_a-lseekr.o)
                0x0800c0d0                _lseek_r
 .text._read_r  0x0800c0f4       0x24 C:/ST/STM32CubeIDE_1.17.0/STM32CubeIDE/plugins/com.st.stm32cube.ide.mcu.externaltools.gnu-tools-for-stm32.12.3.rel1.win32_1.1.0.202410251130/tools/bin/../lib/gcc/arm-none-eabi/12.3.1/../../../../arm-none-eabi/lib/thumb/v7e-m+fp/hard\libc_nano.a(libc_a-readr.o)
                0x0800c0f4                _read_r
 .text._sbrk_r  0x0800c118       0x20 C:/ST/STM32CubeIDE_1.17.0/STM32CubeIDE/plugins/com.st.stm32cube.ide.mcu.externaltools.gnu-tools-for-stm32.12.3.rel1.win32_1.1.0.202410251130/tools/bin/../lib/gcc/arm-none-eabi/12.3.1/../../../../arm-none-eabi/lib/thumb/v7e-m+fp/hard\libc_nano.a(libc_a-sbrkr.o)
                0x0800c118                _sbrk_r
 .text._write_r
                0x0800c138       0x24 C:/ST/STM32CubeIDE_1.17.0/STM32CubeIDE/plugins/com.st.stm32cube.ide.mcu.externaltools.gnu-tools-for-stm32.12.3.rel1.win32_1.1.0.202410251130/tools/bin/../lib/gcc/arm-none-eabi/12.3.1/../../../../arm-none-eabi/lib/thumb/v7e-m+fp/hard\libc_nano.a(libc_a-writer.o)
                0x0800c138                _write_r
 .text.__errno  0x0800c15c        0xc C:/ST/STM32CubeIDE_1.17.0/STM32CubeIDE/plugins/com.st.stm32cube.ide.mcu.externaltools.gnu-tools-for-stm32.12.3.rel1.win32_1.1.0.202410251130/tools/bin/../lib/gcc/arm-none-eabi/12.3.1/../../../../arm-none-eabi/lib/thumb/v7e-m+fp/hard\libc_nano.a(libc_a-errno.o)
                0x0800c15c                __errno
 .text.__libc_init_array
                0x0800c168       0x48 C:/ST/STM32CubeIDE_1.17.0/STM32CubeIDE/plugins/com.st.stm32cube.ide.mcu.externaltools.gnu-tools-for-stm32.12.3.rel1.win32_1.1.0.202410251130/tools/bin/../lib/gcc/arm-none-eabi/12.3.1/../../../../arm-none-eabi/lib/thumb/v7e-m+fp/hard\libc_nano.a(libc_a-init.o)
                0x0800c168                __libc_init_array
 .text.__retarget_lock_init_recursive
                0x0800c1b0        0x2 C:/ST/STM32CubeIDE_1.17.0/STM32CubeIDE/plugins/com.st.stm32cube.ide.mcu.externaltools.gnu-tools-for-stm32.12.3.rel1.win32_1.1.0.202410251130/tools/bin/../lib/gcc/arm-none-eabi/12.3.1/../../../../arm-none-eabi/lib/thumb/v7e-m+fp/hard\libc_nano.a(libc_a-lock.o)
                0x0800c1b0                __retarget_lock_init_recursive
 .text.__retarget_lock_acquire_recursive
                0x0800c1b2        0x2 C:/ST/STM32CubeIDE_1.17.0/STM32CubeIDE/plugins/com.st.stm32cube.ide.mcu.externaltools.gnu-tools-for-stm32.12.3.rel1.win32_1.1.0.202410251130/tools/bin/../lib/gcc/arm-none-eabi/12.3.1/../../../../arm-none-eabi/lib/thumb/v7e-m+fp/hard\libc_nano.a(libc_a-lock.o)
                0x0800c1b2                __retarget_lock_acquire_recursive
 .text.__retarget_lock_release_recursive
                0x0800c1b4        0x2 C:/ST/STM32CubeIDE_1.17.0/STM32CubeIDE/plugins/com.st.stm32cube.ide.mcu.externaltools.gnu-tools-for-stm32.12.3.rel1.win32_1.1.0.202410251130/tools/bin/../lib/gcc/arm-none-eabi/12.3.1/../../../../arm-none-eabi/lib/thumb/v7e-m+fp/hard\libc_nano.a(libc_a-lock.o)
                0x0800c1b4                __retarget_lock_release_recursive
 *fill*         0x0800c1b6        0x2 
 .text._free_r  0x0800c1b8       0x94 C:/ST/STM32CubeIDE_1.17.0/STM32CubeIDE/plugins/com.st.stm32cube.ide.mcu.externaltools.gnu-tools-for-stm32.12.3.rel1.win32_1.1.0.202410251130/tools/bin/../lib/gcc/arm-none-eabi/12.3.1/../../../../arm-none-eabi/lib/thumb/v7e-m+fp/hard\libc_nano.a(libc_a-freer.o)
                0x0800c1b8                _free_r
 .text.__sfputc_r
                0x0800c24c       0x2e C:/ST/STM32CubeIDE_1.17.0/STM32CubeIDE/plugins/com.st.stm32cube.ide.mcu.externaltools.gnu-tools-for-stm32.12.3.rel1.win32_1.1.0.202410251130/tools/bin/../lib/gcc/arm-none-eabi/12.3.1/../../../../arm-none-eabi/lib/thumb/v7e-m+fp/hard\libc_nano.a(libc_a-nano-vfprintf.o)
 .text.__sfputs_r
                0x0800c27a       0x24 C:/ST/STM32CubeIDE_1.17.0/STM32CubeIDE/plugins/com.st.stm32cube.ide.mcu.externaltools.gnu-tools-for-stm32.12.3.rel1.win32_1.1.0.202410251130/tools/bin/../lib/gcc/arm-none-eabi/12.3.1/../../../../arm-none-eabi/lib/thumb/v7e-m+fp/hard\libc_nano.a(libc_a-nano-vfprintf.o)
                0x0800c27a                __sfputs_r
 *fill*         0x0800c29e        0x2 
 .text._vfprintf_r
                0x0800c2a0      0x230 C:/ST/STM32CubeIDE_1.17.0/STM32CubeIDE/plugins/com.st.stm32cube.ide.mcu.externaltools.gnu-tools-for-stm32.12.3.rel1.win32_1.1.0.202410251130/tools/bin/../lib/gcc/arm-none-eabi/12.3.1/../../../../arm-none-eabi/lib/thumb/v7e-m+fp/hard\libc_nano.a(libc_a-nano-vfprintf.o)
                0x0800c2a0                _vfprintf_r
                0x0800c2a0                _vfiprintf_r
 .text._printf_common
                0x0800c4d0       0xda C:/ST/STM32CubeIDE_1.17.0/STM32CubeIDE/plugins/com.st.stm32cube.ide.mcu.externaltools.gnu-tools-for-stm32.12.3.rel1.win32_1.1.0.202410251130/tools/bin/../lib/gcc/arm-none-eabi/12.3.1/../../../../arm-none-eabi/lib/thumb/v7e-m+fp/hard\libc_nano.a(libc_a-nano-vfprintf_i.o)
                0x0800c4d0                _printf_common
 *fill*         0x0800c5aa        0x2 
 .text._printf_i
                0x0800c5ac      0x240 C:/ST/STM32CubeIDE_1.17.0/STM32CubeIDE/plugins/com.st.stm32cube.ide.mcu.externaltools.gnu-tools-for-stm32.12.3.rel1.win32_1.1.0.202410251130/tools/bin/../lib/gcc/arm-none-eabi/12.3.1/../../../../arm-none-eabi/lib/thumb/v7e-m+fp/hard\libc_nano.a(libc_a-nano-vfprintf_i.o)
                0x0800c5ac                _printf_i
 .text.__sflush_r
                0x0800c7ec      0x108 C:/ST/STM32CubeIDE_1.17.0/STM32CubeIDE/plugins/com.st.stm32cube.ide.mcu.externaltools.gnu-tools-for-stm32.12.3.rel1.win32_1.1.0.202410251130/tools/bin/../lib/gcc/arm-none-eabi/12.3.1/../../../../arm-none-eabi/lib/thumb/v7e-m+fp/hard\libc_nano.a(libc_a-fflush.o)
                0x0800c7ec                __sflush_r
 .text._fflush_r
                0x0800c8f4       0x50 C:/ST/STM32CubeIDE_1.17.0/STM32CubeIDE/plugins/com.st.stm32cube.ide.mcu.externaltools.gnu-tools-for-stm32.12.3.rel1.win32_1.1.0.202410251130/tools/bin/../lib/gcc/arm-none-eabi/12.3.1/../../../../arm-none-eabi/lib/thumb/v7e-m+fp/hard\libc_nano.a(libc_a-fflush.o)
                0x0800c8f4                _fflush_r
 .text.__swhatbuf_r
                0x0800c944       0x4c C:/ST/STM32CubeIDE_1.17.0/STM32CubeIDE/plugins/com.st.stm32cube.ide.mcu.externaltools.gnu-tools-for-stm32.12.3.rel1.win32_1.1.0.202410251130/tools/bin/../lib/gcc/arm-none-eabi/12.3.1/../../../../arm-none-eabi/lib/thumb/v7e-m+fp/hard\libc_nano.a(libc_a-makebuf.o)
                0x0800c944                __swhatbuf_r
 .text.__smakebuf_r
                0x0800c990       0x78 C:/ST/STM32CubeIDE_1.17.0/STM32CubeIDE/plugins/com.st.stm32cube.ide.mcu.externaltools.gnu-tools-for-stm32.12.3.rel1.win32_1.1.0.202410251130/tools/bin/../lib/gcc/arm-none-eabi/12.3.1/../../../../arm-none-eabi/lib/thumb/v7e-m+fp/hard\libc_nano.a(libc_a-makebuf.o)
                0x0800c990                __smakebuf_r
 .text._fstat_r
                0x0800ca08       0x24 C:/ST/STM32CubeIDE_1.17.0/STM32CubeIDE/plugins/com.st.stm32cube.ide.mcu.externaltools.gnu-tools-for-stm32.12.3.rel1.win32_1.1.0.202410251130/tools/bin/../lib/gcc/arm-none-eabi/12.3.1/../../../../arm-none-eabi/lib/thumb/v7e-m+fp/hard\libc_nano.a(libc_a-fstatr.o)
                0x0800ca08                _fstat_r
 .text._isatty_r
                0x0800ca2c       0x20 C:/ST/STM32CubeIDE_1.17.0/STM32CubeIDE/plugins/com.st.stm32cube.ide.mcu.externaltools.gnu-tools-for-stm32.12.3.rel1.win32_1.1.0.202410251130/tools/bin/../lib/gcc/arm-none-eabi/12.3.1/../../../../arm-none-eabi/lib/thumb/v7e-m+fp/hard\libc_nano.a(libc_a-isattyr.o)
                0x0800ca2c                _isatty_r
 .text.expf     0x0800ca4c       0x6c C:/ST/STM32CubeIDE_1.17.0/STM32CubeIDE/plugins/com.st.stm32cube.ide.mcu.externaltools.gnu-tools-for-stm32.12.3.rel1.win32_1.1.0.202410251130/tools/bin/../lib/gcc/arm-none-eabi/12.3.1/../../../../arm-none-eabi/lib/thumb/v7e-m+fp/hard\libm.a(libm_a-wf_exp.o)
                0x0800ca4c                expf
 .text.finitef  0x0800cab8       0x14 C:/ST/STM32CubeIDE_1.17.0/STM32CubeIDE/plugins/com.st.stm32cube.ide.mcu.externaltools.gnu-tools-for-stm32.12.3.rel1.win32_1.1.0.202410251130/tools/bin/../lib/gcc/arm-none-eabi/12.3.1/../../../../arm-none-eabi/lib/thumb/v7e-m+fp/hard\libm.a(libm_a-sf_finite.o)
                0x0800cab8                finitef
 .text.with_errnof
                0x0800cacc       0x1c C:/ST/STM32CubeIDE_1.17.0/STM32CubeIDE/plugins/com.st.stm32cube.ide.mcu.externaltools.gnu-tools-for-stm32.12.3.rel1.win32_1.1.0.202410251130/tools/bin/../lib/gcc/arm-none-eabi/12.3.1/../../../../arm-none-eabi/lib/thumb/v7e-m+fp/hard\libm.a(libm_a-math_errf.o)
 .text.xflowf   0x0800cae8       0x16 C:/ST/STM32CubeIDE_1.17.0/STM32CubeIDE/plugins/com.st.stm32cube.ide.mcu.externaltools.gnu-tools-for-stm32.12.3.rel1.win32_1.1.0.202410251130/tools/bin/../lib/gcc/arm-none-eabi/12.3.1/../../../../arm-none-eabi/lib/thumb/v7e-m+fp/hard\libm.a(libm_a-math_errf.o)
 *fill*         0x0800cafe        0x2 
 .text.__math_uflowf
                0x0800cb00        0xc C:/ST/STM32CubeIDE_1.17.0/STM32CubeIDE/plugins/com.st.stm32cube.ide.mcu.externaltools.gnu-tools-for-stm32.12.3.rel1.win32_1.1.0.202410251130/tools/bin/../lib/gcc/arm-none-eabi/12.3.1/../../../../arm-none-eabi/lib/thumb/v7e-m+fp/hard\libm.a(libm_a-math_errf.o)
                0x0800cb00                __math_uflowf
 .text.__math_oflowf
                0x0800cb0c        0xc C:/ST/STM32CubeIDE_1.17.0/STM32CubeIDE/plugins/com.st.stm32cube.ide.mcu.externaltools.gnu-tools-for-stm32.12.3.rel1.win32_1.1.0.202410251130/tools/bin/../lib/gcc/arm-none-eabi/12.3.1/../../../../arm-none-eabi/lib/thumb/v7e-m+fp/hard\libm.a(libm_a-math_errf.o)
                0x0800cb0c                __math_oflowf
 .text.__ieee754_expf
                0x0800cb18      0x19c C:/ST/STM32CubeIDE_1.17.0/STM32CubeIDE/plugins/com.st.stm32cube.ide.mcu.externaltools.gnu-tools-for-stm32.12.3.rel1.win32_1.1.0.202410251130/tools/bin/../lib/gcc/arm-none-eabi/12.3.1/../../../../arm-none-eabi/lib/thumb/v7e-m+fp/hard\libm.a(libm_a-ef_exp.o)
                0x0800cb18                __ieee754_expf
 .text._close   0x0800ccb4       0x10 C:/ST/STM32CubeIDE_1.17.0/STM32CubeIDE/plugins/com.st.stm32cube.ide.mcu.externaltools.gnu-tools-for-stm32.12.3.rel1.win32_1.1.0.202410251130/tools/bin/../lib/gcc/arm-none-eabi/12.3.1/../../../../arm-none-eabi/lib/thumb/v7e-m+fp/hard\libnosys.a(close.o)
                0x0800ccb4                _close
 .text._fstat   0x0800ccc4       0x10 C:/ST/STM32CubeIDE_1.17.0/STM32CubeIDE/plugins/com.st.stm32cube.ide.mcu.externaltools.gnu-tools-for-stm32.12.3.rel1.win32_1.1.0.202410251130/tools/bin/../lib/gcc/arm-none-eabi/12.3.1/../../../../arm-none-eabi/lib/thumb/v7e-m+fp/hard\libnosys.a(fstat.o)
                0x0800ccc4                _fstat
 .text._isatty  0x0800ccd4       0x10 C:/ST/STM32CubeIDE_1.17.0/STM32CubeIDE/plugins/com.st.stm32cube.ide.mcu.externaltools.gnu-tools-for-stm32.12.3.rel1.win32_1.1.0.202410251130/tools/bin/../lib/gcc/arm-none-eabi/12.3.1/../../../../arm-none-eabi/lib/thumb/v7e-m+fp/hard\libnosys.a(isatty.o)
                0x0800ccd4                _isatty
 .text._lseek   0x0800cce4       0x10 C:/ST/STM32CubeIDE_1.17.0/STM32CubeIDE/plugins/com.st.stm32cube.ide.mcu.externaltools.gnu-tools-for-stm32.12.3.rel1.win32_1.1.0.202410251130/tools/bin/../lib/gcc/arm-none-eabi/12.3.1/../../../../arm-none-eabi/lib/thumb/v7e-m+fp/hard\libnosys.a(lseek.o)
                0x0800cce4                _lseek
 .text._read    0x0800ccf4       0x10 C:/ST/STM32CubeIDE_1.17.0/STM32CubeIDE/plugins/com.st.stm32cube.ide.mcu.externaltools.gnu-tools-for-stm32.12.3.rel1.win32_1.1.0.202410251130/tools/bin/../lib/gcc/arm-none-eabi/12.3.1/../../../../arm-none-eabi/lib/thumb/v7e-m+fp/hard\libnosys.a(read.o)
                0x0800ccf4                _read
 .text._write   0x0800cd04       0x10 C:/ST/STM32CubeIDE_1.17.0/STM32CubeIDE/plugins/com.st.stm32cube.ide.mcu.externaltools.gnu-tools-for-stm32.12.3.rel1.win32_1.1.0.202410251130/tools/bin/../lib/gcc/arm-none-eabi/12.3.1/../../../../arm-none-eabi/lib/thumb/v7e-m+fp/hard\libnosys.a(write.o)
                0x0800cd04                _write
 *(.glue_7)
 .glue_7        0x0800cd14        0x0 linker stubs
 *(.glue_7t)
 .glue_7t       0x0800cd14        0x0 linker stubs
 *(.eh_frame)
 .eh_frame      0x0800cd14        0x0 C:/ST/STM32CubeIDE_1.17.0/STM32CubeIDE/plugins/com.st.stm32cube.ide.mcu.externaltools.gnu-tools-for-stm32.12.3.rel1.win32_1.1.0.202410251130/tools/bin/../lib/gcc/arm-none-eabi/12.3.1/thumb/v7e-m+fp/hard/crtbegin.o
 *(.init)
 .init          0x0800cd14        0x4 C:/ST/STM32CubeIDE_1.17.0/STM32CubeIDE/plugins/com.st.stm32cube.ide.mcu.externaltools.gnu-tools-for-stm32.12.3.rel1.win32_1.1.0.202410251130/tools/bin/../lib/gcc/arm-none-eabi/12.3.1/thumb/v7e-m+fp/hard/crti.o
                0x0800cd14                _init
 .init          0x0800cd18        0x8 C:/ST/STM32CubeIDE_1.17.0/STM32CubeIDE/plugins/com.st.stm32cube.ide.mcu.externaltools.gnu-tools-for-stm32.12.3.rel1.win32_1.1.0.202410251130/tools/bin/../lib/gcc/arm-none-eabi/12.3.1/thumb/v7e-m+fp/hard/crtn.o
 *(.fini)
 .fini          0x0800cd20        0x4 C:/ST/STM32CubeIDE_1.17.0/STM32CubeIDE/plugins/com.st.stm32cube.ide.mcu.externaltools.gnu-tools-for-stm32.12.3.rel1.win32_1.1.0.202410251130/tools/bin/../lib/gcc/arm-none-eabi/12.3.1/thumb/v7e-m+fp/hard/crti.o
                0x0800cd20                _fini
 .fini          0x0800cd24        0x8 C:/ST/STM32CubeIDE_1.17.0/STM32CubeIDE/plugins/com.st.stm32cube.ide.mcu.externaltools.gnu-tools-for-stm32.12.3.rel1.win32_1.1.0.202410251130/tools/bin/../lib/gcc/arm-none-eabi/12.3.1/thumb/v7e-m+fp/hard/crtn.o
                0x0800cd2c                        . = ALIGN (0x4)
                0x0800cd2c                        _etext = .

.vfp11_veneer   0x0800cd2c        0x0
 .vfp11_veneer  0x0800cd2c        0x0 linker stubs

.v4_bx          0x0800cd2c        0x0
 .v4_bx         0x0800cd2c        0x0 linker stubs

.iplt           0x0800cd2c        0x0
 .iplt          0x0800cd2c        0x0 C:/ST/STM32CubeIDE_1.17.0/STM32CubeIDE/plugins/com.st.stm32cube.ide.mcu.externaltools.gnu-tools-for-stm32.12.3.rel1.win32_1.1.0.202410251130/tools/bin/../lib/gcc/arm-none-eabi/12.3.1/thumb/v7e-m+fp/hard/crtbegin.o

.rodata         0x0800cd40     0x22a4
                0x0800cd40                        . = ALIGN (0x4)
 *(.rodata)
 .rodata        0x0800cd40      0x1d5 ./X-CUBE-AI/App/app_x-cube-ai.o
 *fill*         0x0800cf15        0x3 
 .rodata        0x0800cf18       0x30 ./X-CUBE-AI/App/mnist_data.o
 *(.rodata*)
 .rodata.AHBPrescTable
                0x0800cf48       0x10 ./Core/Src/system_stm32l4xx.o
                0x0800cf48                AHBPrescTable
 .rodata.APBPrescTable
                0x0800cf58        0x8 ./Core/Src/system_stm32l4xx.o
                0x0800cf58                APBPrescTable
 .rodata.MSIRangeTable
                0x0800cf60       0x30 ./Core/Src/system_stm32l4xx.o
                0x0800cf60                MSIRangeTable
 .rodata.UARTPrescTable
                0x0800cf90       0x18 ./Drivers/STM32L4xx_HAL_Driver/Src/stm32l4xx_hal_uart.o
                0x0800cf90                UARTPrescTable
 .rodata.numerator.1
                0x0800cfa8        0x8 ./Drivers/STM32L4xx_HAL_Driver/Src/stm32l4xx_hal_uart_ex.o
 .rodata.denominator.0
                0x0800cfb0        0x8 ./Drivers/STM32L4xx_HAL_Driver/Src/stm32l4xx_hal_uart_ex.o
 .rodata.dense_1_chain
                0x0800cfb8        0x8 ./X-CUBE-AI/App/mnist.o
 .rodata.dense_1_dense_chain
                0x0800cfc0        0x8 ./X-CUBE-AI/App/mnist.o
 .rodata.dense_chain
                0x0800cfc8        0x8 ./X-CUBE-AI/App/mnist.o
 .rodata.dense_dense_chain
                0x0800cfd0        0x8 ./X-CUBE-AI/App/mnist.o
 .rodata.conv2d_conv2d_chain
                0x0800cfd8        0x8 ./X-CUBE-AI/App/mnist.o
 .rodata.s_mnist_weights_array_u64
                0x0800cfe0     0x1fb8 ./X-CUBE-AI/App/mnist_data_params.o
                0x0800cfe0                s_mnist_weights_array_u64
 .rodata._vfprintf_r.str1.1
                0x0800ef98       0x11 C:/ST/STM32CubeIDE_1.17.0/STM32CubeIDE/plugins/com.st.stm32cube.ide.mcu.externaltools.gnu-tools-for-stm32.12.3.rel1.win32_1.1.0.202410251130/tools/bin/../lib/gcc/arm-none-eabi/12.3.1/../../../../arm-none-eabi/lib/thumb/v7e-m+fp/hard\libc_nano.a(libc_a-nano-vfprintf.o)
 .rodata._printf_i.str1.1
                0x0800efa9       0x22 C:/ST/STM32CubeIDE_1.17.0/STM32CubeIDE/plugins/com.st.stm32cube.ide.mcu.externaltools.gnu-tools-for-stm32.12.3.rel1.win32_1.1.0.202410251130/tools/bin/../lib/gcc/arm-none-eabi/12.3.1/../../../../arm-none-eabi/lib/thumb/v7e-m+fp/hard\libc_nano.a(libc_a-nano-vfprintf_i.o)
 *fill*         0x0800efcb        0x1 
 .rodata.ln2LO  0x0800efcc        0x8 C:/ST/STM32CubeIDE_1.17.0/STM32CubeIDE/plugins/com.st.stm32cube.ide.mcu.externaltools.gnu-tools-for-stm32.12.3.rel1.win32_1.1.0.202410251130/tools/bin/../lib/gcc/arm-none-eabi/12.3.1/../../../../arm-none-eabi/lib/thumb/v7e-m+fp/hard\libm.a(libm_a-ef_exp.o)
 .rodata.ln2HI  0x0800efd4        0x8 C:/ST/STM32CubeIDE_1.17.0/STM32CubeIDE/plugins/com.st.stm32cube.ide.mcu.externaltools.gnu-tools-for-stm32.12.3.rel1.win32_1.1.0.202410251130/tools/bin/../lib/gcc/arm-none-eabi/12.3.1/../../../../arm-none-eabi/lib/thumb/v7e-m+fp/hard\libm.a(libm_a-ef_exp.o)
 .rodata.halF   0x0800efdc        0x8 C:/ST/STM32CubeIDE_1.17.0/STM32CubeIDE/plugins/com.st.stm32cube.ide.mcu.externaltools.gnu-tools-for-stm32.12.3.rel1.win32_1.1.0.202410251130/tools/bin/../lib/gcc/arm-none-eabi/12.3.1/../../../../arm-none-eabi/lib/thumb/v7e-m+fp/hard\libm.a(libm_a-ef_exp.o)
                0x0800efe4                        . = ALIGN (0x4)

.ARM.extab      0x0800efe4        0x0
                0x0800efe4                        . = ALIGN (0x4)
 *(.ARM.extab* .gnu.linkonce.armextab.*)
                0x0800efe4                        . = ALIGN (0x4)

.ARM            0x0800efe4        0x8
                0x0800efe4                        . = ALIGN (0x4)
                0x0800efe4                        __exidx_start = .
 *(.ARM.exidx*)
 .ARM.exidx     0x0800efe4        0x8 C:/ST/STM32CubeIDE_1.17.0/STM32CubeIDE/plugins/com.st.stm32cube.ide.mcu.externaltools.gnu-tools-for-stm32.12.3.rel1.win32_1.1.0.202410251130/tools/bin/../lib/gcc/arm-none-eabi/12.3.1/../../../../arm-none-eabi/lib/thumb/v7e-m+fp/hard\libc_nano.a(libc_a-memchr.o)
 .ARM.exidx     0x0800efec        0x0 C:/ST/STM32CubeIDE_1.17.0/STM32CubeIDE/plugins/com.st.stm32cube.ide.mcu.externaltools.gnu-tools-for-stm32.12.3.rel1.win32_1.1.0.202410251130/tools/bin/../lib/gcc/arm-none-eabi/12.3.1/thumb/v7e-m+fp/hard\libgcc.a(_udivmoddi4.o)
                                  0x8 (size before relaxing)
                0x0800efec                        __exidx_end = .
                0x0800efec                        . = ALIGN (0x4)

.preinit_array  0x0800efec        0x0
                0x0800efec                        . = ALIGN (0x4)
                0x0800efec                        PROVIDE (__preinit_array_start = .)
 *(.preinit_array*)
                0x0800efec                        PROVIDE (__preinit_array_end = .)
                0x0800efec                        . = ALIGN (0x4)

.init_array     0x0800efec        0x4
                0x0800efec                        . = ALIGN (0x4)
                0x0800efec                        PROVIDE (__init_array_start = .)
 *(SORT_BY_NAME(.init_array.*))
 *(.init_array*)
 .init_array    0x0800efec        0x4 C:/ST/STM32CubeIDE_1.17.0/STM32CubeIDE/plugins/com.st.stm32cube.ide.mcu.externaltools.gnu-tools-for-stm32.12.3.rel1.win32_1.1.0.202410251130/tools/bin/../lib/gcc/arm-none-eabi/12.3.1/thumb/v7e-m+fp/hard/crtbegin.o
                0x0800eff0                        PROVIDE (__init_array_end = .)
                0x0800eff0                        . = ALIGN (0x4)

.fini_array     0x0800eff0        0x4
                0x0800eff0                        . = ALIGN (0x4)
                [!provide]                        PROVIDE (__fini_array_start = .)
 *(SORT_BY_NAME(.fini_array.*))
 *(.fini_array*)
 .fini_array    0x0800eff0        0x4 C:/ST/STM32CubeIDE_1.17.0/STM32CubeIDE/plugins/com.st.stm32cube.ide.mcu.externaltools.gnu-tools-for-stm32.12.3.rel1.win32_1.1.0.202410251130/tools/bin/../lib/gcc/arm-none-eabi/12.3.1/thumb/v7e-m+fp/hard/crtbegin.o
                [!provide]                        PROVIDE (__fini_array_end = .)
                0x0800eff4                        . = ALIGN (0x4)
                0x0800eff4                        _sidata = LOADADDR (.data)

.rel.dyn        0x0800eff4        0x0
 .rel.iplt      0x0800eff4        0x0 C:/ST/STM32CubeIDE_1.17.0/STM32CubeIDE/plugins/com.st.stm32cube.ide.mcu.externaltools.gnu-tools-for-stm32.12.3.rel1.win32_1.1.0.202410251130/tools/bin/../lib/gcc/arm-none-eabi/12.3.1/thumb/v7e-m+fp/hard/crtbegin.o

.data           0x20000000      0x82c load address 0x0800eff4
                0x20000000                        . = ALIGN (0x4)
                0x20000000                        _sdata = .
 *(.data)
 *(.data*)
 .data.SystemCoreClock
                0x20000000        0x4 ./Core/Src/system_stm32l4xx.o
                0x20000000                SystemCoreClock
 .data.uwTickPrio
                0x20000004        0x4 ./Drivers/STM32L4xx_HAL_Driver/Src/stm32l4xx_hal.o
                0x20000004                uwTickPrio
 .data.uwTickFreq
                0x20000008        0x1 ./Drivers/STM32L4xx_HAL_Driver/Src/stm32l4xx_hal.o
                0x20000008                uwTickFreq
 *fill*         0x20000009        0x3 
 .data.data_activations0
                0x2000000c        0x4 ./X-CUBE-AI/App/app_x-cube-ai.o
                0x2000000c                data_activations0
 .data.input_0_output_array
                0x20000010       0x10 ./X-CUBE-AI/App/mnist.o
 .data.conv2d_conv2d_output_array
                0x20000020       0x10 ./X-CUBE-AI/App/mnist.o
 .data.dense_dense_output_array
                0x20000030       0x10 ./X-CUBE-AI/App/mnist.o
 .data.dense_output_array
                0x20000040       0x10 ./X-CUBE-AI/App/mnist.o
 .data.dense_1_dense_output_array
                0x20000050       0x10 ./X-CUBE-AI/App/mnist.o
 .data.dense_1_output_array
                0x20000060       0x10 ./X-CUBE-AI/App/mnist.o
 .data.conv2d_conv2d_weights_array
                0x20000070       0x10 ./X-CUBE-AI/App/mnist.o
 .data.conv2d_conv2d_bias_array
                0x20000080       0x10 ./X-CUBE-AI/App/mnist.o
 .data.dense_dense_weights_array
                0x20000090       0x10 ./X-CUBE-AI/App/mnist.o
 .data.dense_dense_bias_array
                0x200000a0       0x10 ./X-CUBE-AI/App/mnist.o
 .data.dense_1_dense_weights_array
                0x200000b0       0x10 ./X-CUBE-AI/App/mnist.o
 .data.dense_1_dense_bias_array
                0x200000c0       0x10 ./X-CUBE-AI/App/mnist.o
 .data.conv2d_conv2d_scratch0_array
                0x200000d0       0x10 ./X-CUBE-AI/App/mnist.o
 .data.conv2d_conv2d_scratch1_array
                0x200000e0       0x10 ./X-CUBE-AI/App/mnist.o
 .data.__compound_literal.0
                0x200000f0       0x10 ./X-CUBE-AI/App/mnist.o
 .data.__compound_literal.1
                0x20000100       0x10 ./X-CUBE-AI/App/mnist.o
 .data.conv2d_conv2d_bias
                0x20000110       0x1c ./X-CUBE-AI/App/mnist.o
 .data.__compound_literal.2
                0x2000012c       0x10 ./X-CUBE-AI/App/mnist.o
 .data.__compound_literal.3
                0x2000013c       0x10 ./X-CUBE-AI/App/mnist.o
 .data.conv2d_conv2d_output
                0x2000014c       0x1c ./X-CUBE-AI/App/mnist.o
 .data.__compound_literal.4
                0x20000168       0x10 ./X-CUBE-AI/App/mnist.o
 .data.__compound_literal.5
                0x20000178       0x10 ./X-CUBE-AI/App/mnist.o
 .data.conv2d_conv2d_output0
                0x20000188       0x1c ./X-CUBE-AI/App/mnist.o
 .data.__compound_literal.6
                0x200001a4       0x10 ./X-CUBE-AI/App/mnist.o
 .data.__compound_literal.7
                0x200001b4       0x10 ./X-CUBE-AI/App/mnist.o
 .data.conv2d_conv2d_scratch0
                0x200001c4       0x1c ./X-CUBE-AI/App/mnist.o
 .data.__compound_literal.8
                0x200001e0       0x10 ./X-CUBE-AI/App/mnist.o
 .data.__compound_literal.9
                0x200001f0       0x10 ./X-CUBE-AI/App/mnist.o
 .data.conv2d_conv2d_scratch1
                0x20000200       0x1c ./X-CUBE-AI/App/mnist.o
 .data.__compound_literal.10
                0x2000021c       0x10 ./X-CUBE-AI/App/mnist.o
 .data.__compound_literal.11
                0x2000022c       0x10 ./X-CUBE-AI/App/mnist.o
 .data.conv2d_conv2d_weights
                0x2000023c       0x1c ./X-CUBE-AI/App/mnist.o
 .data.__compound_literal.12
                0x20000258       0x10 ./X-CUBE-AI/App/mnist.o
 .data.__compound_literal.13
                0x20000268       0x10 ./X-CUBE-AI/App/mnist.o
 .data.dense_1_dense_bias
                0x20000278       0x1c ./X-CUBE-AI/App/mnist.o
 .data.__compound_literal.14
                0x20000294       0x10 ./X-CUBE-AI/App/mnist.o
 .data.__compound_literal.15
                0x200002a4       0x10 ./X-CUBE-AI/App/mnist.o
 .data.dense_1_dense_output
                0x200002b4       0x1c ./X-CUBE-AI/App/mnist.o
 .data.__compound_literal.16
                0x200002d0       0x10 ./X-CUBE-AI/App/mnist.o
 .data.__compound_literal.17
                0x200002e0       0x10 ./X-CUBE-AI/App/mnist.o
 .data.dense_1_dense_weights
                0x200002f0       0x1c ./X-CUBE-AI/App/mnist.o
 .data.__compound_literal.18
                0x2000030c       0x10 ./X-CUBE-AI/App/mnist.o
 .data.__compound_literal.19
                0x2000031c       0x10 ./X-CUBE-AI/App/mnist.o
 .data.dense_1_output
                0x2000032c       0x1c ./X-CUBE-AI/App/mnist.o
 .data.__compound_literal.20
                0x20000348       0x10 ./X-CUBE-AI/App/mnist.o
 .data.__compound_literal.21
                0x20000358       0x10 ./X-CUBE-AI/App/mnist.o
 .data.dense_dense_bias
                0x20000368       0x1c ./X-CUBE-AI/App/mnist.o
 .data.__compound_literal.22
                0x20000384       0x10 ./X-CUBE-AI/App/mnist.o
 .data.__compound_literal.23
                0x20000394       0x10 ./X-CUBE-AI/App/mnist.o
 .data.dense_dense_output
                0x200003a4       0x1c ./X-CUBE-AI/App/mnist.o
 .data.__compound_literal.24
                0x200003c0       0x10 ./X-CUBE-AI/App/mnist.o
 .data.__compound_literal.25
                0x200003d0       0x10 ./X-CUBE-AI/App/mnist.o
 .data.dense_dense_weights
                0x200003e0       0x1c ./X-CUBE-AI/App/mnist.o
 .data.__compound_literal.26
                0x200003fc       0x10 ./X-CUBE-AI/App/mnist.o
 .data.__compound_literal.27
                0x2000040c       0x10 ./X-CUBE-AI/App/mnist.o
 .data.dense_output
                0x2000041c       0x1c ./X-CUBE-AI/App/mnist.o
 .data.__compound_literal.28
                0x20000438       0x10 ./X-CUBE-AI/App/mnist.o
 .data.__compound_literal.29
                0x20000448       0x10 ./X-CUBE-AI/App/mnist.o
 .data.input_0_output
                0x20000458       0x1c ./X-CUBE-AI/App/mnist.o
 .data.__compound_literal.30
                0x20000474        0x4 ./X-CUBE-AI/App/mnist.o
 .data.__compound_literal.31
                0x20000478        0x4 ./X-CUBE-AI/App/mnist.o
 .data.__compound_literal.34
                0x2000047c       0x30 ./X-CUBE-AI/App/mnist.o
 .data.dense_1_layer
                0x200004ac       0x24 ./X-CUBE-AI/App/mnist.o
 .data.__compound_literal.35
                0x200004d0        0x4 ./X-CUBE-AI/App/mnist.o
 .data.__compound_literal.36
                0x200004d4        0x4 ./X-CUBE-AI/App/mnist.o
 .data.__compound_literal.37
                0x200004d8        0x8 ./X-CUBE-AI/App/mnist.o
 .data.__compound_literal.39
                0x200004e0       0x30 ./X-CUBE-AI/App/mnist.o
 .data.dense_1_dense_layer
                0x20000510       0x1c ./X-CUBE-AI/App/mnist.o
 .data.__compound_literal.40
                0x2000052c        0x4 ./X-CUBE-AI/App/mnist.o
 .data.__compound_literal.41
                0x20000530        0x4 ./X-CUBE-AI/App/mnist.o
 .data.__compound_literal.44
                0x20000534       0x30 ./X-CUBE-AI/App/mnist.o
 .data.dense_layer
                0x20000564       0x20 ./X-CUBE-AI/App/mnist.o
 .data.__compound_literal.45
                0x20000584        0x4 ./X-CUBE-AI/App/mnist.o
 .data.__compound_literal.46
                0x20000588        0x4 ./X-CUBE-AI/App/mnist.o
 .data.__compound_literal.47
                0x2000058c        0x8 ./X-CUBE-AI/App/mnist.o
 .data.__compound_literal.49
                0x20000594       0x30 ./X-CUBE-AI/App/mnist.o
 .data.dense_dense_layer
                0x200005c4       0x1c ./X-CUBE-AI/App/mnist.o
 .data.__compound_literal.50
                0x200005e0        0x4 ./X-CUBE-AI/App/mnist.o
 .data.__compound_literal.51
                0x200005e4        0x4 ./X-CUBE-AI/App/mnist.o
 .data.__compound_literal.52
                0x200005e8        0xc ./X-CUBE-AI/App/mnist.o
 .data.__compound_literal.53
                0x200005f4        0x8 ./X-CUBE-AI/App/mnist.o
 .data.__compound_literal.54
                0x200005fc       0x30 ./X-CUBE-AI/App/mnist.o
 .data.__compound_literal.55
                0x2000062c       0x10 ./X-CUBE-AI/App/mnist.o
 .data.conv2d_conv2d_layer
                0x2000063c       0x60 ./X-CUBE-AI/App/mnist.o
 .data.__compound_literal.57
                0x2000069c       0x10 ./X-CUBE-AI/App/mnist.o
 .data.__compound_literal.58
                0x200006ac       0x1c ./X-CUBE-AI/App/mnist.o
 .data.__compound_literal.59
                0x200006c8       0x10 ./X-CUBE-AI/App/mnist.o
 .data.__compound_literal.60
                0x200006d8       0x1c ./X-CUBE-AI/App/mnist.o
 .data.__compound_literal.61
                0x200006f4        0x4 ./X-CUBE-AI/App/mnist.o
 .data.__compound_literal.65
                0x200006f8        0xc ./X-CUBE-AI/App/mnist.o
 .data.__compound_literal.66
                0x20000704        0x4 ./X-CUBE-AI/App/mnist.o
 .data.__compound_literal.70
                0x20000708        0xc ./X-CUBE-AI/App/mnist.o
 .data.__compound_literal.71
                0x20000714       0x18 ./X-CUBE-AI/App/mnist.o
 .data.g_mnist  0x2000072c       0x4c ./X-CUBE-AI/App/mnist.o
 .data.__compound_literal.0
                0x20000778       0x10 ./X-CUBE-AI/App/mnist_data.o
 .data.g_mnist_data_map_activations
                0x20000788       0x1c ./X-CUBE-AI/App/mnist_data.o
                0x20000788                g_mnist_data_map_activations
 .data.__compound_literal.1
                0x200007a4       0x10 ./X-CUBE-AI/App/mnist_data.o
 .data.g_mnist_data_map_weights
                0x200007b4       0x1c ./X-CUBE-AI/App/mnist_data.o
                0x200007b4                g_mnist_data_map_weights
 .data.__sglue  0x200007d0        0xc C:/ST/STM32CubeIDE_1.17.0/STM32CubeIDE/plugins/com.st.stm32cube.ide.mcu.externaltools.gnu-tools-for-stm32.12.3.rel1.win32_1.1.0.202410251130/tools/bin/../lib/gcc/arm-none-eabi/12.3.1/../../../../arm-none-eabi/lib/thumb/v7e-m+fp/hard\libc_nano.a(libc_a-findfp.o)
                0x200007d0                __sglue
 .data._impure_ptr
                0x200007dc        0x4 C:/ST/STM32CubeIDE_1.17.0/STM32CubeIDE/plugins/com.st.stm32cube.ide.mcu.externaltools.gnu-tools-for-stm32.12.3.rel1.win32_1.1.0.202410251130/tools/bin/../lib/gcc/arm-none-eabi/12.3.1/../../../../arm-none-eabi/lib/thumb/v7e-m+fp/hard\libc_nano.a(libc_a-impure.o)
                0x200007dc                _impure_ptr
 .data._impure_data
                0x200007e0       0x4c C:/ST/STM32CubeIDE_1.17.0/STM32CubeIDE/plugins/com.st.stm32cube.ide.mcu.externaltools.gnu-tools-for-stm32.12.3.rel1.win32_1.1.0.202410251130/tools/bin/../lib/gcc/arm-none-eabi/12.3.1/../../../../arm-none-eabi/lib/thumb/v7e-m+fp/hard\libc_nano.a(libc_a-impure.o)
                0x200007e0                _impure_data
 *(.RamFunc)
 *(.RamFunc*)
                0x2000082c                        . = ALIGN (0x4)
                0x2000082c                        _edata = .

.igot.plt       0x2000082c        0x0 load address 0x0800f820
 .igot.plt      0x2000082c        0x0 C:/ST/STM32CubeIDE_1.17.0/STM32CubeIDE/plugins/com.st.stm32cube.ide.mcu.externaltools.gnu-tools-for-stm32.12.3.rel1.win32_1.1.0.202410251130/tools/bin/../lib/gcc/arm-none-eabi/12.3.1/thumb/v7e-m+fp/hard/crtbegin.o
                0x2000082c                        . = ALIGN (0x4)

.bss            0x20000840     0x196c load address 0x0800f820
                0x20000840                        _sbss = .
                0x20000840                        __bss_start__ = _sbss
 *(.bss)
 .bss           0x20000840       0x1c C:/ST/STM32CubeIDE_1.17.0/STM32CubeIDE/plugins/com.st.stm32cube.ide.mcu.externaltools.gnu-tools-for-stm32.12.3.rel1.win32_1.1.0.202410251130/tools/bin/../lib/gcc/arm-none-eabi/12.3.1/thumb/v7e-m+fp/hard/crtbegin.o
 *(.bss*)
 .bss.hi2c1     0x2000085c       0x54 ./Core/Src/main.o
                0x2000085c                hi2c1
 .bss.hsai_BlockA1
                0x200008b0       0x94 ./Core/Src/main.o
                0x200008b0                hsai_BlockA1
 .bss.hsd1      0x20000944       0x80 ./Core/Src/main.o
                0x20000944                hsd1
 .bss.hspi2     0x200009c4       0x64 ./Core/Src/main.o
                0x200009c4                hspi2
 .bss.huart2    0x20000a28       0x94 ./Core/Src/main.o
                0x20000a28                huart2
 .bss.huart3    0x20000abc       0x94 ./Core/Src/main.o
                0x20000abc                huart3
 .bss.hpcd_USB_OTG_FS
                0x20000b50      0x4e4 ./Core/Src/main.o
                0x20000b50                hpcd_USB_OTG_FS
 .bss.hsram1    0x20001034       0x50 ./Core/Src/main.o
                0x20001034                hsram1
 .bss.FMC_Initialized
                0x20001084        0x4 ./Core/Src/stm32l4xx_hal_msp.o
 .bss.SAI1_client
                0x20001088        0x4 ./Core/Src/stm32l4xx_hal_msp.o
 .bss.__sbrk_heap_end
                0x2000108c        0x4 ./Core/Src/sysmem.o
 .bss.uwTick    0x20001090        0x4 ./Drivers/STM32L4xx_HAL_Driver/Src/stm32l4xx_hal.o
                0x20001090                uwTick
 .bss.data_ins  0x20001094        0x4 ./X-CUBE-AI/App/app_x-cube-ai.o
                0x20001094                data_ins
 .bss.data_outs
                0x20001098        0x4 ./X-CUBE-AI/App/app_x-cube-ai.o
                0x20001098                data_outs
 *fill*         0x2000109c        0x4 
 .bss.pool0     0x200010a0      0xf1c ./X-CUBE-AI/App/app_x-cube-ai.o
 .bss.mnist     0x20001fbc        0x4 ./X-CUBE-AI/App/app_x-cube-ai.o
 .bss.ai_input  0x20001fc0        0x4 ./X-CUBE-AI/App/app_x-cube-ai.o
 .bss.ai_output
                0x20001fc4        0x4 ./X-CUBE-AI/App/app_x-cube-ai.o
 .bss.g_mnist_activations_map
                0x20001fc8        0x4 ./X-CUBE-AI/App/mnist.o
 .bss.g_mnist_weights_map
                0x20001fcc        0x4 ./X-CUBE-AI/App/mnist.o
 .bss.__compound_literal.32
                0x20001fd0        0x4 ./X-CUBE-AI/App/mnist.o
 .bss.__compound_literal.33
                0x20001fd4        0x4 ./X-CUBE-AI/App/mnist.o
 .bss.__compound_literal.38
                0x20001fd8        0x4 ./X-CUBE-AI/App/mnist.o
 .bss.__compound_literal.42
                0x20001fdc        0x4 ./X-CUBE-AI/App/mnist.o
 .bss.__compound_literal.43
                0x20001fe0        0x4 ./X-CUBE-AI/App/mnist.o
 .bss.__compound_literal.48
                0x20001fe4        0x4 ./X-CUBE-AI/App/mnist.o
 .bss.__compound_literal.56
                0x20001fe8       0x10 ./X-CUBE-AI/App/mnist.o
 .bss.__compound_literal.62
                0x20001ff8       0x1c ./X-CUBE-AI/App/mnist.o
 .bss.__compound_literal.63
                0x20002014       0x10 ./X-CUBE-AI/App/mnist.o
 .bss.__compound_literal.64
                0x20002024        0x8 ./X-CUBE-AI/App/mnist.o
 .bss.__compound_literal.67
                0x2000202c       0x1c ./X-CUBE-AI/App/mnist.o
 .bss.__compound_literal.68
                0x20002048       0x10 ./X-CUBE-AI/App/mnist.o
 .bss.__compound_literal.69
                0x20002058        0x8 ./X-CUBE-AI/App/mnist.o
 .bss.__malloc_sbrk_start
                0x20002060        0x4 C:/ST/STM32CubeIDE_1.17.0/STM32CubeIDE/plugins/com.st.stm32cube.ide.mcu.externaltools.gnu-tools-for-stm32.12.3.rel1.win32_1.1.0.202410251130/tools/bin/../lib/gcc/arm-none-eabi/12.3.1/../../../../arm-none-eabi/lib/thumb/v7e-m+fp/hard\libc_nano.a(libc_a-mallocr.o)
                0x20002060                __malloc_sbrk_start
 .bss.__malloc_free_list
                0x20002064        0x4 C:/ST/STM32CubeIDE_1.17.0/STM32CubeIDE/plugins/com.st.stm32cube.ide.mcu.externaltools.gnu-tools-for-stm32.12.3.rel1.win32_1.1.0.202410251130/tools/bin/../lib/gcc/arm-none-eabi/12.3.1/../../../../arm-none-eabi/lib/thumb/v7e-m+fp/hard\libc_nano.a(libc_a-mallocr.o)